Component: ARM Compiler 5.06 update 6 (build 750) Tool: armlink [4d35ed]

==============================================================================

Section Cross References

    startup_stm32f407xx.o(RESET) refers to startup_stm32f407xx.o(STACK) for __initial_sp
    startup_stm32f407xx.o(RESET) refers to startup_stm32f407xx.o(.text) for Reset_Handler
    startup_stm32f407xx.o(RESET) refers to stm32f4xx_it.o(i.NMI_Handler) for NMI_Handler
    startup_stm32f407xx.o(RESET) refers to stm32f4xx_it.o(i.HardFault_Handler) for HardFault_Handler
    startup_stm32f407xx.o(RESET) refers to stm32f4xx_it.o(i.MemManage_Handler) for MemManage_Handler
    startup_stm32f407xx.o(RESET) refers to stm32f4xx_it.o(i.BusFault_Handler) for BusFault_Handler
    startup_stm32f407xx.o(RESET) refers to stm32f4xx_it.o(i.UsageFault_Handler) for UsageFault_Handler
    startup_stm32f407xx.o(RESET) refers to stm32f4xx_it.o(i.SVC_Handler) for SVC_Handler
    startup_stm32f407xx.o(RESET) refers to stm32f4xx_it.o(i.DebugMon_Handler) for DebugMon_Handler
    startup_stm32f407xx.o(RESET) refers to stm32f4xx_it.o(i.PendSV_Handler) for PendSV_Handler
    startup_stm32f407xx.o(RESET) refers to stm32f4xx_it.o(i.SysTick_Handler) for SysTick_Handler
    startup_stm32f407xx.o(RESET) refers to stm32f4xx_it.o(i.EXTI9_5_IRQHandler) for EXTI9_5_IRQHandler
    startup_stm32f407xx.o(RESET) refers to stm32f4xx_it.o(i.USART1_IRQHandler) for USART1_IRQHandler
    startup_stm32f407xx.o(.text) refers to system_stm32f4xx.o(i.SystemInit) for SystemInit
    startup_stm32f407xx.o(.text) refers to entry.o(.ARM.Collect$$$$00000000) for __main
    touch.o(i.ADS_Read_AD) refers to stm32f4xx_hal_gpio.o(i.HAL_GPIO_WritePin) for HAL_GPIO_WritePin
    touch.o(i.ADS_Read_AD) refers to stm32f4xx_hal_spi.o(i.HAL_SPI_TransmitReceive) for HAL_SPI_TransmitReceive
    touch.o(i.ADS_Read_AD) refers to printf1.o(i.__0printf$1) for __2printf
    touch.o(i.ADS_Read_AD) refers to spi.o(.bss) for hspi2
    touch.o(i.Convert_Pos) refers to stm32f4xx_hal.o(i.HAL_Delay) for HAL_Delay
    touch.o(i.Convert_Pos) refers to touch.o(i.Read_ADS2) for Read_ADS2
    touch.o(i.Convert_Pos) refers to main.o(.bss) for Pen_Point
    touch.o(i.Read_ADS) refers to touch.o(i.ADS_Read_AD) for ADS_Read_AD
    touch.o(i.Read_ADS) refers to touch.o(.data) for .data
    touch.o(i.Read_ADS2) refers to touch.o(i.Read_ADS) for Read_ADS
    touch.o(i.SPI_SendByte) refers to stm32f4xx_hal_spi.o(i.HAL_SPI_Transmit) for HAL_SPI_Transmit
    touch.o(i.SPI_SendByte) refers to stm32f4xx_hal.o(i.HAL_Delay) for HAL_Delay
    touch.o(i.SPI_SendByte) refers to stm32f4xx_hal_spi.o(i.HAL_SPI_Receive) for HAL_SPI_Receive
    touch.o(i.SPI_SendByte) refers to spi.o(.bss) for hspi2
    lcd.o(i.Draw_Circle) refers to lcd.o(i.LCD_DrawPoint) for LCD_DrawPoint
    lcd.o(i.LCD_DrawLine) refers to lcd.o(i.LCD_DrawPoint) for LCD_DrawPoint
    lcd.o(i.LCD_DrawPicture) refers to lcd.o(i.LCD_DrawPoint) for LCD_DrawPoint
    lcd.o(i.LCD_DrawPicture) refers to lcd.o(.data) for .data
    lcd.o(i.LCD_DrawPoint) refers to lcd.o(i.LCD_SetCursor) for LCD_SetCursor
    lcd.o(i.LCD_DrawRectangle) refers to lcd.o(i.LCD_DrawLine) for LCD_DrawLine
    lcd.o(i.LCD_Fill) refers to lcd.o(i.LCD_WindowMax) for LCD_WindowMax
    lcd.o(i.LCD_ShowChar) refers to lcd.o(i.LCD_DrawPoint) for LCD_DrawPoint
    lcd.o(i.LCD_ShowChar) refers to lcd.o(.constdata) for .constdata
    lcd.o(i.LCD_ShowCharString) refers to lcd.o(i.lcd_clear) for lcd_clear
    lcd.o(i.LCD_ShowCharString) refers to lcd.o(i.LCD_ShowChar) for LCD_ShowChar
    lcd.o(i.LCD_ShowHzString) refers to lcd.o(i.lcd_clear) for lcd_clear
    lcd.o(i.LCD_ShowHzString) refers to lcd.o(i.findHzIndex) for findHzIndex
    lcd.o(i.LCD_ShowHzString) refers to lcd.o(i.WriteOneHz) for WriteOneHz
    lcd.o(i.LCD_ShowHzString) refers to lcd.o(.constdata) for .constdata
    lcd.o(i.LCD_ShowString) refers to lcd.o(i.LCD_ShowHzString) for LCD_ShowHzString
    lcd.o(i.LCD_ShowString) refers to lcd.o(i.LCD_ShowCharString) for LCD_ShowCharString
    lcd.o(i.WriteOneHz) refers to lcd.o(i.LCD_DrawPoint) for LCD_DrawPoint
    lcd.o(i.findHzIndex) refers to lcd.o(.constdata) for .constdata
    lcd.o(i.lcd_SetCursor) refers to lcd.o(i.write_reg) for write_reg
    lcd.o(i.lcd_init) refers to stm32f4xx_hal_gpio.o(i.HAL_GPIO_WritePin) for HAL_GPIO_WritePin
    lcd.o(i.lcd_init) refers to lcd.o(i.read_reg) for read_reg
    lcd.o(i.lcd_init) refers to stm32f4xx_hal.o(i.HAL_Delay) for HAL_Delay
    lcd.o(i.lcd_init) refers to lcd.o(.data) for .data
    lcd.o(i.read_reg) refers to lcd.o(i.read_data) for read_data
    dht11.o(i.DHT11_TEST) refers to gpio.o(i.D2_OUT_GPIO_Init) for D2_OUT_GPIO_Init
    dht11.o(i.DHT11_TEST) refers to stm32f4xx_hal_gpio.o(i.HAL_GPIO_WritePin) for HAL_GPIO_WritePin
    dht11.o(i.DHT11_TEST) refers to delay.o(i.delay_ms) for delay_ms
    dht11.o(i.DHT11_TEST) refers to gpio.o(i.D2_IN_GPIO_Init) for D2_IN_GPIO_Init
    dht11.o(i.DHT11_TEST) refers to delay.o(i.delay_us) for delay_us
[...]
    Removing stm32f4xx_hal_rcc.o(i.HAL_RCC_GetOscConfig), (180 bytes).
    Removing stm32f4xx_hal_rcc.o(i.HAL_RCC_MCOConfig), (140 bytes).
    Removing stm32f4xx_hal_rcc.o(i.HAL_RCC_NMI_IRQHandler), (28 bytes).
    Removing stm32f4xx_hal_rcc_ex.o(.rev16_text), (4 bytes).
    Removing stm32f4xx_hal_rcc_ex.o(.revsh_text), (4 bytes).
    Removing stm32f4xx_hal_rcc_ex.o(.rrx_text), (6 bytes).
    Removing stm32f4xx_hal_rcc_ex.o(i.HAL_RCCEx_DisablePLLI2S), (52 bytes).
    Removing stm32f4xx_hal_rcc_ex.o(i.HAL_RCCEx_EnablePLLI2S), (104 bytes).
    Removing stm32f4xx_hal_rcc_ex.o(i.HAL_RCCEx_GetPeriphCLKConfig), (52 bytes).
    Removing stm32f4xx_hal_rcc_ex.o(i.HAL_RCCEx_GetPeriphCLKFreq), (92 bytes).
    Removing stm32f4xx_hal_rcc_ex.o(i.HAL_RCCEx_PeriphCLKConfig), (316 bytes).
    Removing stm32f4xx_hal_rcc_ex.o(i.HAL_RCC_DeInit), (304 bytes).
    Removing stm32f4xx_hal_flash.o(.rev16_text), (4 bytes).
    Removing stm32f4xx_hal_flash.o(.revsh_text), (4 bytes).
    Removing stm32f4xx_hal_flash.o(.rrx_text), (6 bytes).
    Removing stm32f4xx_hal_flash.o(i.FLASH_Program_Byte), (32 bytes).
    Removing stm32f4xx_hal_flash.o(i.FLASH_Program_DoubleWord), (40 bytes).
    Removing stm32f4xx_hal_flash.o(i.FLASH_Program_HalfWord), (36 bytes).
    Removing stm32f4xx_hal_flash.o(i.FLASH_Program_Word), (36 bytes).
    Removing stm32f4xx_hal_flash.o(i.FLASH_SetErrorCode), (104 bytes).
    Removing stm32f4xx_hal_flash.o(i.FLASH_WaitForLastOperation), (80 bytes).
    Removing stm32f4xx_hal_flash.o(i.HAL_FLASH_EndOfOperationCallback), (2 bytes).
    Removing stm32f4xx_hal_flash.o(i.HAL_FLASH_GetError), (12 bytes).
    Removing stm32f4xx_hal_flash.o(i.HAL_FLASH_IRQHandler), (204 bytes).
    Removing stm32f4xx_hal_flash.o(i.HAL_FLASH_Lock), (20 bytes).
    Removing stm32f4xx_hal_flash.o(i.HAL_FLASH_OB_Launch), (24 bytes).
    Removing stm32f4xx_hal_flash.o(i.HAL_FLASH_OB_Lock), (20 bytes).
    Removing stm32f4xx_hal_flash.o(i.HAL_FLASH_OB_Unlock), (40 bytes).
    Removing stm32f4xx_hal_flash.o(i.HAL_FLASH_OperationErrorCallback), (2 bytes).
    Removing stm32f4xx_hal_flash.o(i.HAL_FLASH_Program), (124 bytes).
    Removing stm32f4xx_hal_flash.o(i.HAL_FLASH_Program_IT), (108 bytes).
    Removing stm32f4xx_hal_flash.o(i.HAL_FLASH_Unlock), (44 bytes).
    Removing stm32f4xx_hal_flash.o(.bss), (32 bytes).
    Removing stm32f4xx_hal_flash_ex.o(.rev16_text), (4 bytes).
    Removing stm32f4xx_hal_flash_ex.o(.revsh_text), (4 bytes).
    Removing stm32f4xx_hal_flash_ex.o(.rrx_text), (6 bytes).
    Removing stm32f4xx_hal_flash_ex.o(i.FLASH_Erase_Sector), (80 bytes).
    Removing stm32f4xx_hal_flash_ex.o(i.FLASH_FlushCaches), (84 bytes).
    Removing stm32f4xx_hal_flash_ex.o(i.FLASH_MassErase), (40 bytes).
    Removing stm32f4xx_hal_flash_ex.o(i.HAL_FLASHEx_Erase), (152 bytes).
    Removing stm32f4xx_hal_flash_ex.o(i.HAL_FLASHEx_Erase_IT), (104 bytes).
    Removing stm32f4xx_hal_flash_ex.o(i.HAL_FLASHEx_OBGetConfig), (64 bytes).
    Removing stm32f4xx_hal_flash_ex.o(i.HAL_FLASHEx_OBProgram), (204 bytes).
    Removing stm32f4xx_hal_flash_ramfunc.o(.rev16_text), (4 bytes).
    Removing stm32f4xx_hal_flash_ramfunc.o(.revsh_text), (4 bytes).
    Removing stm32f4xx_hal_flash_ramfunc.o(.rrx_text), (6 bytes).
    Removing stm32f4xx_hal_gpio.o(.rev16_text), (4 bytes).
    Removing stm32f4xx_hal_gpio.o(.revsh_text), (4 bytes).
    Removing stm32f4xx_hal_gpio.o(.rrx_text), (6 bytes).
    Removing stm32f4xx_hal_gpio.o(i.HAL_GPIO_DeInit), (332 bytes).
    Removing stm32f4xx_hal_gpio.o(i.HAL_GPIO_EXTI_Callback), (2 bytes).
    Removing stm32f4xx_hal_gpio.o(i.HAL_GPIO_LockPin), (34 bytes).
    Removing stm32f4xx_hal_gpio.o(i.HAL_GPIO_TogglePin), (14 bytes).
    Removing stm32f4xx_hal_dma_ex.o(.rev16_text), (4 bytes).
    Removing stm32f4xx_hal_dma_ex.o(.revsh_text), (4 bytes).
    Removing stm32f4xx_hal_dma_ex.o(.rrx_text), (6 bytes).
    Removing stm32f4xx_hal_dma_ex.o(i.DMA_MultiBufferSetConfig), (30 bytes).
    Removing stm32f4xx_hal_dma_ex.o(i.HAL_DMAEx_ChangeMemory), (14 bytes).
    Removing stm32f4xx_hal_dma_ex.o(i.HAL_DMAEx_MultiBufferStart), (100 bytes).
    Removing stm32f4xx_hal_dma_ex.o(i.HAL_DMAEx_MultiBufferStart_IT), (2432 bytes).
    Removing stm32f4xx_hal_dma.o(.rev16_text), (4 bytes).
    Removing stm32f4xx_hal_dma.o(.revsh_text), (4 bytes).
    Removing stm32f4xx_hal_dma.o(.rrx_text), (6 bytes).
    Removing stm32f4xx_hal_dma.o(i.DMA_CalcBaseAndBitshift), (40 bytes).
    Removing stm32f4xx_hal_dma.o(i.DMA_CheckFifoParam), (84 bytes).
    Removing stm32f4xx_hal_dma.o(i.DMA_SetConfig), (40 bytes).
    Removing stm32f4xx_hal_dma.o(i.HAL_DMA_Abort), (142 bytes).
    Removing stm32f4xx_hal_dma.o(i.HAL_DMA_DeInit), (98 bytes).
    Removing stm32f4xx_hal_dma.o(i.HAL_DMA_GetError), (4 bytes).
    Removing stm32f4xx_hal_dma.o(i.HAL_DMA_GetState), (6 bytes).
    Removing stm32f4xx_hal_dma.o(i.HAL_DMA_IRQHandler), (416 bytes).
    Removing stm32f4xx_hal_dma.o(i.HAL_DMA_Init), (212 bytes).
    Removing stm32f4xx_hal_dma.o(i.HAL_DMA_PollForTransfer), (292 bytes).
    Removing stm32f4xx_hal_dma.o(i.HAL_DMA_RegisterCallback), (80 bytes).
    Removing stm32f4xx_hal_dma.o(i.HAL_DMA_Start), (70 bytes).
    Removing stm32f4xx_hal_dma.o(i.HAL_DMA_Start_IT), (120 bytes).
    Removing stm32f4xx_hal_dma.o(i.HAL_DMA_UnRegisterCallback), (96 bytes).
    Removing stm32f4xx_hal_dma.o(.constdata), (8 bytes).
    Removing stm32f4xx_hal_pwr.o(.rev16_text), (4 bytes).
    Removing stm32f4xx_hal_pwr.o(.revsh_text), (4 bytes).
    Removing stm32f4xx_hal_pwr.o(.rrx_text), (6 bytes).
    Removing stm32f4xx_hal_pwr.o(i.HAL_PWR_ConfigPVD), (124 bytes).
    Removing stm32f4xx_hal_pwr.o(i.HAL_PWR_DeInit), (24 bytes).
    Removing stm32f4xx_hal_pwr.o(i.HAL_PWR_DisableBkUpAccess), (12 bytes).
    Removing stm32f4xx_hal_pwr.o(i.HAL_PWR_DisablePVD), (12 bytes).
    Removing stm32f4xx_hal_pwr.o(i.HAL_PWR_DisableSEVOnPend), (16 bytes).
    Removing stm32f4xx_hal_pwr.o(i.HAL_PWR_DisableSleepOnExit), (16 bytes).
    Removing stm32f4xx_hal_pwr.o(i.HAL_PWR_DisableWakeUpPin), (16 bytes).
    Removing stm32f4xx_hal_pwr.o(i.HAL_PWR_EnableBkUpAccess), (12 bytes).
    Removing stm32f4xx_hal_pwr.o(i.HAL_PWR_EnablePVD), (12 bytes).
    Removing stm32f4xx_hal_pwr.o(i.HAL_PWR_EnableSEVOnPend), (16 bytes).
    Removing stm32f4xx_hal_pwr.o(i.HAL_PWR_EnableSleepOnExit), (16 bytes).
    Removing stm32f4xx_hal_pwr.o(i.HAL_PWR_EnableWakeUpPin), (16 bytes).
    Removing stm32f4xx_hal_pwr.o(i.HAL_PWR_EnterSLEEPMode), (32 bytes).
    Removing stm32f4xx_hal_pwr.o(i.HAL_PWR_EnterSTANDBYMode), (32 bytes).
    Removing stm32f4xx_hal_pwr.o(i.HAL_PWR_EnterSTOPMode), (56 bytes).
    Removing stm32f4xx_hal_pwr.o(i.HAL_PWR_PVDCallback), (2 bytes).
    Removing stm32f4xx_hal_pwr.o(i.HAL_PWR_PVD_IRQHandler), (28 bytes).
    Removing stm32f4xx_hal_pwr_ex.o(.rev16_text), (4 bytes).
    Removing stm32f4xx_hal_pwr_ex.o(.revsh_text), (4 bytes).
    Removing stm32f4xx_hal_pwr_ex.o(.rrx_text), (6 bytes).
    Removing stm32f4xx_hal_pwr_ex.o(i.HAL_PWREx_ControlVoltageScaling), (88 bytes).
    Removing stm32f4xx_hal_pwr_ex.o(i.HAL_PWREx_DisableBkUpReg), (60 bytes).
    Removing stm32f4xx_hal_pwr_ex.o(i.HAL_PWREx_DisableFlashPowerDown), (12 bytes).
    Removing stm32f4xx_hal_pwr_ex.o(i.HAL_PWREx_EnableBkUpReg), (60 bytes).
    Removing stm32f4xx_hal_pwr_ex.o(i.HAL_PWREx_EnableFlashPowerDown), (12 bytes).
    Removing stm32f4xx_hal_pwr_ex.o(i.HAL_PWREx_GetVoltageRange), (16 bytes).
    Removing stm32f4xx_hal_cortex.o(.rev16_text), (4 bytes).
    Removing stm32f4xx_hal_cortex.o(.revsh_text), (4 bytes).
    Removing stm32f4xx_hal_cortex.o(.rrx_text), (6 bytes).
    Removing stm32f4xx_hal_cortex.o(i.HAL_MPU_ConfigRegion), (84 bytes).
    Removing stm32f4xx_hal_cortex.o(i.HAL_MPU_Disable), (28 bytes).
    Removing stm32f4xx_hal_cortex.o(i.HAL_MPU_Enable), (36 bytes).
    Removing stm32f4xx_hal_cortex.o(i.HAL_NVIC_GetActive), (36 bytes).
    Removing stm32f4xx_hal_cortex.o(i.HAL_NVIC_GetPendingIRQ), (36 bytes).
    Removing stm32f4xx_hal_cortex.o(i.HAL_NVIC_GetPriority), (82 bytes).
    Removing stm32f4xx_hal_cortex.o(i.HAL_NVIC_GetPriorityGrouping), (16 bytes).
    Removing stm32f4xx_hal_cortex.o(i.HAL_NVIC_SetPendingIRQ), (26 bytes).
    Removing stm32f4xx_hal_cortex.o(i.HAL_NVIC_SystemReset), (36 bytes).
    Removing stm32f4xx_hal_cortex.o(i.HAL_SYSTICK_Callback), (2 bytes).
    Removing stm32f4xx_hal_cortex.o(i.HAL_SYSTICK_IRQHandler), (8 bytes).
    Removing stm32f4xx_hal.o(.rev16_text), (4 bytes).
    Removing stm32f4xx_hal.o(.revsh_text), (4 bytes).
    Removing stm32f4xx_hal.o(.rrx_text), (6 bytes).
    Removing stm32f4xx_hal.o(i.HAL_DBGMCU_DisableDBGSleepMode), (16 bytes).
    Removing stm32f4xx_hal.o(i.HAL_DBGMCU_DisableDBGStandbyMode), (16 bytes).
    Removing stm32f4xx_hal.o(i.HAL_DBGMCU_DisableDBGStopMode), (16 bytes).
    Removing stm32f4xx_hal.o(i.HAL_DBGMCU_EnableDBGSleepMode), (16 bytes).
    Removing stm32f4xx_hal.o(i.HAL_DBGMCU_EnableDBGStandbyMode), (16 bytes).
    Removing stm32f4xx_hal.o(i.HAL_DBGMCU_EnableDBGStopMode), (16 bytes).
    Removing stm32f4xx_hal.o(i.HAL_DeInit), (52 bytes).
    Removing stm32f4xx_hal.o(i.HAL_DisableCompensationCell), (12 bytes).
    Removing stm32f4xx_hal.o(i.HAL_EnableCompensationCell), (12 bytes).
    Removing stm32f4xx_hal.o(i.HAL_GetDEVID), (16 bytes).
    Removing stm32f4xx_hal.o(i.HAL_GetHalVersion), (8 bytes).
    Removing stm32f4xx_hal.o(i.HAL_GetREVID), (12 bytes).
    Removing stm32f4xx_hal.o(i.HAL_GetTickFreq), (12 bytes).
    Removing stm32f4xx_hal.o(i.HAL_GetTickPrio), (12 bytes).
    Removing stm32f4xx_hal.o(i.HAL_GetUIDw0), (12 bytes).
    Removing stm32f4xx_hal.o(i.HAL_GetUIDw1), (12 bytes).
    Removing stm32f4xx_hal.o(i.HAL_GetUIDw2), (12 bytes).
    Removing stm32f4xx_hal.o(i.HAL_MspDeInit), (2 bytes).
    Removing stm32f4xx_hal.o(i.HAL_MspInit), (2 bytes).
    Removing stm32f4xx_hal.o(i.HAL_ResumeTick), (14 bytes).
    Removing stm32f4xx_hal.o(i.HAL_SetTickFreq), (28 bytes).
    Removing stm32f4xx_hal.o(i.HAL_SuspendTick), (14 bytes).
    Removing stm32f4xx_hal_exti.o(.rev16_text), (4 bytes).
    Removing stm32f4xx_hal_exti.o(.revsh_text), (4 bytes).
    Removing stm32f4xx_hal_exti.o(.rrx_text), (6 bytes).
    Removing stm32f4xx_hal_exti.o(i.HAL_EXTI_ClearConfigLine), (56 bytes).
    Removing stm32f4xx_hal_exti.o(i.HAL_EXTI_ClearPending), (12 bytes).
    Removing stm32f4xx_hal_exti.o(i.HAL_EXTI_GenerateSWI), (12 bytes).
    Removing stm32f4xx_hal_exti.o(i.HAL_EXTI_GetConfigLine), (108 bytes).
    Removing stm32f4xx_hal_exti.o(i.HAL_EXTI_GetHandle), (12 bytes).
    Removing stm32f4xx_hal_exti.o(i.HAL_EXTI_GetPending), (28 bytes).
    Removing stm32f4xx_hal_exti.o(i.HAL_EXTI_IRQHandler), (28 bytes).
    Removing stm32f4xx_hal_exti.o(i.HAL_EXTI_RegisterCallback), (14 bytes).
    Removing stm32f4xx_hal_exti.o(i.HAL_EXTI_SetConfigLine), (112 bytes).
    Removing system_stm32f4xx.o(.rev16_text), (4 bytes).
    Removing system_stm32f4xx.o(.revsh_text), (4 bytes).
    Removing system_stm32f4xx.o(.rrx_text), (6 bytes).
    Removing system_stm32f4xx.o(i.SystemCoreClockUpdate), (124 bytes).
    Removing dadd.o(.text), (334 bytes).
    Removing dmul.o(.text), (228 bytes).
    Removing ddiv.o(.text), (222 bytes).
    Removing dfixul.o(.text), (48 bytes).

422 unused section(s) (total 555998 bytes) removed from the image.

==============================================================================

Image Symbol Table

    Local Symbols

    Symbol Name                              Value     Ov Type        Size  Object(Section)

    ../Drivers/STM32F4xx_HAL_Driver/Src/stm32f4xx_hal.c 0x00000000   Number         0  stm32f4xx_hal.o ABSOLUTE
    ../Drivers/STM32F4xx_HAL_Driver/Src/stm32f4xx_hal_adc.c 0x00000000   Number         0  stm32f4xx_hal_adc.o ABSOLUTE
    ../Drivers/STM32F4xx_HAL_Driver/Src/stm32f4xx_hal_adc_ex.c 0x00000000   Number         0  stm32f4xx_hal_adc_ex.o ABSOLUTE
    ../Drivers/STM32F4xx_HAL_Driver/Src/stm32f4xx_hal_cortex.c 0x00000000   Number         0  stm32f4xx_hal_cortex.o ABSOLUTE
    ../Drivers/STM32F4xx_HAL_Driver/Src/stm32f4xx_hal_dma.c 0x00000000   Number         0  stm32f4xx_hal_dma.o ABSOLUTE
    ../Drivers/STM32F4xx_HAL_Driver/Src/stm32f4xx_hal_dma_ex.c 0x00000000   Number         0  stm32f4xx_hal_dma_ex.o ABSOLUTE
    ../Drivers/STM32F4xx_HAL_Driver/Src/stm32f4xx_hal_exti.c 0x00000000   Number         0  stm32f4xx_hal_exti.o ABSOLUTE
    ../Drivers/STM32F4xx_HAL_Driver/Src/stm32f4xx_hal_flash.c 0x00000000   Number         0  stm32f4xx_hal_flash.o ABSOLUTE
    ../Drivers/STM32F4xx_HAL_Driver/Src/stm32f4xx_hal_flash_ex.c 0x00000000   Number         0  stm32f4xx_hal_flash_ex.o ABSOLUTE
    ../Drivers/STM32F4xx_HAL_Driver/Src/stm32f4xx_hal_flash_ramfunc.c 0x00000000   Number         0  stm32f4xx_hal_flash_ramfunc.o ABSOLUTE
    ../Drivers/STM32F4xx_HAL_Driver/Src/stm32f4xx_hal_gpio.c 0x00000000   Number         0  stm32f4xx_hal_gpio.o ABSOLUTE
    ../Drivers/STM32F4xx_HAL_Driver/Src/stm32f4xx_hal_pwr.c 0x00000000   Number         0  stm32f4xx_hal_pwr.o ABSOLUTE
    ../Drivers/STM32F4xx_HAL_Driver/Src/stm32f4xx_hal_pwr_ex.c 0x00000000   Number         0  stm32f4xx_hal_pwr_ex.o ABSOLUTE
    ../Drivers/STM32F4xx_HAL_Driver/Src/stm32f4xx_hal_rcc.c 0x00000000   Number         0  stm32f4xx_hal_rcc.o ABSOLUTE
    ../Drivers/STM32F4xx_HAL_Driver/Src/stm32f4xx_hal_rcc_ex.c 0x00000000   Number         0  stm32f4xx_hal_rcc_ex.o ABSOLUTE
    ../Drivers/STM32F4xx_HAL_Driver/Src/stm32f4xx_hal_spi.c 0x00000000   Number         0  stm32f4xx_hal_spi.o ABSOLUTE
    ../Drivers/STM32F4xx_HAL_Driver/Src/stm32f4xx_hal_sram.c 0x00000000   Number         0  stm32f4xx_hal_sram.o ABSOLUTE
    ../Drivers/STM32F4xx_HAL_Driver/Src/stm32f4xx_hal_tim.c 0x00000000   Number         0  stm32f4xx_hal_tim.o ABSOLUTE
    ../Drivers/STM32F4xx_HAL_Driver/Src/stm32f4xx_hal_tim_ex.c 0x00000000   Number         0  stm32f4xx_hal_tim_ex.o ABSOLUTE
    ../Drivers/STM32F4xx_HAL_Driver/Src/stm32f4xx_hal_uart.c 0x00000000   Number         0  stm32f4xx_hal_uart.o ABSOLUTE
    ../Drivers/STM32F4xx_HAL_Driver/Src/stm32f4xx_ll_fsmc.c 0x00000000   Number         0  stm32f4xx_ll_fsmc.o ABSOLUTE
    ../Src/adc.c                             0x00000000   Number         0  adc.o ABSOLUTE
    ../Src/fsmc.c                            0x00000000   Number         0  fsmc.o ABSOLUTE
    ../Src/gpio.c                            0x00000000   Number         0  gpio.o ABSOLUTE
    ../Src/main.c                            0x00000000   Number         0  main.o ABSOLUTE
    ../Src/spi.c                             0x00000000   Number         0  spi.o ABSOLUTE
    ../Src/stm32f4xx_hal_msp.c               0x00000000   Number         0  stm32f4xx_hal_msp.o ABSOLUTE
    ../Src/stm32f4xx_it.c                    0x00000000   Number         0  stm32f4xx_it.o ABSOLUTE
    ../Src/system_stm32f4xx.c                0x00000000   Number         0  system_stm32f4xx.o ABSOLUTE
    ../Src/usart.c                           0x00000000   Number         0  usart.o ABSOLUTE
    ../clib/microlib/division.c              0x00000000   Number         0  uldiv.o ABSOLUTE
    ../clib/microlib/division.c              0x00000000   Number         0  uidiv.o ABSOLUTE
    ../clib/microlib/init/entry.s            0x00000000   Number         0  entry8a.o ABSOLUTE
    ../clib/microlib/init/entry.s            0x00000000   Number         0  entry7b.o ABSOLUTE
    ../clib/microlib/init/entry.s            0x00000000   Number         0  entry7a.o ABSOLUTE
    ../clib/microlib/init/entry.s            0x00000000   Number         0  entry5.o ABSOLUTE
    ../clib/microlib/init/entry.s            0x00000000   Number         0  entry2.o ABSOLUTE
    ../clib/microlib/init/entry.s            0x00000000   Number         0  entry.o ABSOLUTE
    ../clib/microlib/init/entry.s            0x00000000   Number         0  entry11b.o ABSOLUTE
    ../clib/microlib/init/entry.s            0x00000000   Number         0  entry11a.o ABSOLUTE
    ../clib/microlib/init/entry.s            0x00000000   Number         0  entry10b.o ABSOLUTE
    ../clib/microlib/init/entry.s            0x00000000   Number         0  entry10a.o ABSOLUTE
    ../clib/microlib/init/entry.s            0x00000000   Number         0  entry9b.o ABSOLUTE
    ../clib/microlib/init/entry.s            0x00000000   Number         0  entry9a.o ABSOLUTE
    ../clib/microlib/init/entry.s            0x00000000   Number         0  entry8b.o ABSOLUTE
    ../clib/microlib/longlong.c              0x00000000   Number         0  llsshr.o ABSOLUTE
    ../clib/microlib/longlong.c              0x00000000   Number         0  llshl.o ABSOLUTE
    ../clib/microlib/longlong.c              0x00000000   Number         0  llushr.o ABSOLUTE
    ../clib/microlib/printf/printf.c         0x00000000   Number         0  printf7.o ABSOLUTE
    ../clib/microlib/printf/printf.c         0x00000000   Number         0  printf6.o ABSOLUTE
    ../clib/microlib/printf/printf.c         0x00000000   Number         0  printf5.o ABSOLUTE
    ../clib/microlib/printf/printf.c         0x00000000   Number         0  printf2.o ABSOLUTE
    ../clib/microlib/printf/printf.c         0x00000000   Number         0  printf4.o ABSOLUTE
    ../clib/microlib/printf/printf.c         0x00000000   Number         0  printfb.o ABSOLUTE
    ../clib/microlib/printf/printf.c         0x00000000   Number         0  printf0.o ABSOLUTE
    ../clib/microlib/printf/printf.c         0x00000000   Number         0  printf1.o ABSOLUTE
    ../clib/microlib/printf/printf.c         0x00000000   Number         0  printf3.o ABSOLUTE
    ../clib/microlib/printf/printf.c         0x00000000   Number         0  printfa.o ABSOLUTE
    ../clib/microlib/printf/printf.c         0x00000000   Number         0  printf8.o ABSOLUTE
    ../clib/microlib/printf/stubs.s          0x00000000   Number         0  stubs.o ABSOLUTE
    ../clib/microlib/stdio/streams.c         0x00000000   Number         0  stdout.o ABSOLUTE
    ../clib/microlib/string/memset.c         0x00000000   Number         0  memseta.o ABSOLUTE
    ../clib/microlib/stubs.s                 0x00000000   Number         0  iusefp.o ABSOLUTE
    ../fplib/microlib/fpadd.c                0x00000000   Number         0  dadd.o ABSOLUTE
    ../fplib/microlib/fpdiv.c                0x00000000   Number         0  ddiv.o ABSOLUTE
    ../fplib/microlib/fpepilogue.c           0x00000000   Number         0  depilogue.o ABSOLUTE
    ../fplib/microlib/fpfix.c                0x00000000   Number         0  dfixul.o ABSOLUTE
    ../fplib/microlib/fpflt.c                0x00000000   Number         0  dfltui.o ABSOLUTE
    ../fplib/microlib/fpmul.c                0x00000000   Number         0  dmul.o ABSOLUTE
    ..\Drivers\STM32F4xx_HAL_Driver\Src\stm32f4xx_hal.c 0x00000000   Number         0  stm32f4xx_hal.o ABSOLUTE
    ..\Drivers\STM32F4xx_HAL_Driver\Src\stm32f4xx_hal_adc.c 0x00000000   Number         0  stm32f4xx_hal_adc.o ABSOLUTE
    ..\Drivers\STM32F4xx_HAL_Driver\Src\stm32f4xx_hal_adc_ex.c 0x00000000   Number         0  stm32f4xx_hal_adc_ex.o ABSOLUTE
    ..\Drivers\STM32F4xx_HAL_Driver\Src\stm32f4xx_hal_cortex.c 0x00000000   Number         0  stm32f4xx_hal_cortex.o ABSOLUTE
    ..\Drivers\STM32F4xx_HAL_Driver\Src\stm32f4xx_hal_dma.c 0x00000000   Number         0  stm32f4xx_hal_dma.o ABSOLUTE
    ..\Drivers\STM32F4xx_HAL_Driver\Src\stm32f4xx_hal_dma_ex.c 0x00000000   Number         0  stm32f4xx_hal_dma_ex.o ABSOLUTE
    ..\Drivers\STM32F4xx_HAL_Driver\Src\stm32f4xx_hal_exti.c 0x00000000   Number         0  stm32f4xx_hal_exti.o ABSOLUTE
    ..\Drivers\STM32F4xx_HAL_Driver\Src\stm32f4xx_hal_flash.c 0x00000000   Number         0  stm32f4xx_hal_flash.o ABSOLUTE
    ..\Drivers\STM32F4xx_HAL_Driver\Src\stm32f4xx_hal_flash_ex.c 0x00000000   Number         0  stm32f4xx_hal_flash_ex.o ABSOLUTE
    ..\Drivers\STM32F4xx_HAL_Driver\Src\stm32f4xx_hal_flash_ramfunc.c 0x00000000   Number         0  stm32f4xx_hal_flash_ramfunc.o ABSOLUTE
    ..\Drivers\STM32F4xx_HAL_Driver\Src\stm32f4xx_hal_gpio.c 0x00000000   Number         0  stm32f4xx_hal_gpio.o ABSOLUTE
    ..\Drivers\STM32F4xx_HAL_Driver\Src\stm32f4xx_hal_pwr.c 0x00000000   Number         0  stm32f4xx_hal_pwr.o ABSOLUTE
    ..\Drivers\STM32F4xx_HAL_Driver\Src\stm32f4xx_hal_pwr_ex.c 0x00000000   Number         0  stm32f4xx_hal_pwr_ex.o ABSOLUTE
    ..\Drivers\STM32F4xx_HAL_Driver\Src\stm32f4xx_hal_rcc.c 0x00000000   Number         0  stm32f4xx_hal_rcc.o ABSOLUTE
    ..\Drivers\STM32F4xx_HAL_Driver\Src\stm32f4xx_hal_rcc_ex.c 0x00000000   Number         0  stm32f4xx_hal_rcc_ex.o ABSOLUTE
    ..\Drivers\STM32F4xx_HAL_Driver\Src\stm32f4xx_hal_spi.c 0x00000000   Number         0  stm32f4xx_hal_spi.o ABSOLUTE
    ..\Drivers\STM32F4xx_HAL_Driver\Src\stm32f4xx_hal_sram.c 0x00000000   Number         0  stm32f4xx_hal_sram.o ABSOLUTE
    ..\Drivers\STM32F4xx_HAL_Driver\Src\stm32f4xx_hal_tim.c 0x00000000   Number         0  stm32f4xx_hal_tim.o ABSOLUTE
    ..\Drivers\STM32F4xx_HAL_Driver\Src\stm32f4xx_hal_tim_ex.c 0x00000000   Number         0  stm32f4xx_hal_tim_ex.o ABSOLUTE
    ..\Drivers\STM32F4xx_HAL_Driver\Src\stm32f4xx_hal_uart.c 0x00000000   Number         0  stm32f4xx_hal_uart.o ABSOLUTE
    ..\Drivers\STM32F4xx_HAL_Driver\Src\stm32f4xx_ll_fsmc.c 0x00000000   Number         0  stm32f4xx_ll_fsmc.o ABSOLUTE
    ..\Src\Touch.c                           0x00000000   Number         0  touch.o ABSOLUTE
    ..\Src\adc.c                             0x00000000   Number         0  adc.o ABSOLUTE
    ..\Src\delay.c                           0x00000000   Number         0  delay.o ABSOLUTE
    ..\Src\dht11.c                           0x00000000   Number         0  dht11.o ABSOLUTE
    ..\Src\fsmc.c                            0x00000000   Number         0  fsmc.o ABSOLUTE
    ..\Src\gpio.c                            0x00000000   Number         0  gpio.o ABSOLUTE
    ..\Src\lcd.c                             0x00000000   Number         0  lcd.o ABSOLUTE
    ..\Src\main.c                            0x00000000   Number         0  main.o ABSOLUTE
    ..\Src\spi.c                             0x00000000   Number         0  spi.o ABSOLUTE
    ..\Src\stm32f4xx_hal_msp.c               0x00000000   Number         0  stm32f4xx_hal_msp.o ABSOLUTE
    ..\Src\stm32f4xx_it.c                    0x00000000   Number         0  stm32f4xx_it.o ABSOLUTE
    ..\Src\system_stm32f4xx.c                0x00000000   Number         0  system_stm32f4xx.o ABSOLUTE
    ..\Src\usart.c                           0x00000000   Number         0  usart.o ABSOLUTE
    ..\\Src\\Touch.c                         0x00000000   Number         0  touch.o ABSOLUTE
    ..\\Src\\delay.c                         0x00000000   Number         0  delay.o ABSOLUTE
    ..\\Src\\dht11.c                         0x00000000   Number         0  dht11.o ABSOLUTE
    ..\\Src\\lcd.c                           0x00000000   Number         0  lcd.o ABSOLUTE
    cdcmple.s                                0x00000000   Number         0  cdcmple.o ABSOLUTE
    cdrcmple.s                               0x00000000   Number         0  cdrcmple.o ABSOLUTE
    dc.s                                     0x00000000   Number         0  dc.o ABSOLUTE
    handlers.s                               0x00000000   Number         0  handlers.o ABSOLUTE
    init.s                                   0x00000000   Number         0  init.o ABSOLUTE
    startup_stm32f407xx.s                    0x00000000   Number         0  startup_stm32f407xx.o ABSOLUTE
    RESET                                    0x08000000   Section      392  startup_stm32f407xx.o(RESET)
    .ARM.Collect$$$$00000000                 0x08000188   Section        0  entry.o(.ARM.Collect$$$$00000000)
    .ARM.Collect$$$$00000001                 0x08000188   Section        4  entry2.o(.ARM.Collect$$$$00000001)
    .ARM.Collect$$$$00000004                 0x0800018c   Section        4  entry5.o(.ARM.Collect$$$$00000004)
    .ARM.Collect$$$$00000008                 0x08000190   Section        0  entry7b.o(.ARM.Collect$$$$00000008)
    .ARM.Collect$$$$0000000A                 0x08000190   Section        0  entry8b.o(.ARM.Collect$$$$0000000A)
    .ARM.Collect$$$$0000000B                 0x08000190   Section        8  entry9a.o(.ARM.Collect$$$$0000000B)
    .ARM.Collect$$$$0000000D                 0x08000198   Section        0  entry10a.o(.ARM.Collect$$$$0000000D)
    .ARM.Collect$$$$0000000F                 0x08000198   Section        0  entry11a.o(.ARM.Collect$$$$0000000F)
    .ARM.Collect$$$$00002712                 0x08000198   Section        4  entry2.o(.ARM.Collect$$$$00002712)
    __lit__00000000                          0x08000198   Data           4  entry2.o(.ARM.Collect$$$$00002712)
    .text                                    0x0800019c   Section       36  startup_stm32f407xx.o(.text)
    $v0                                      0x0800019c   Number         0  startup_stm32f407xx.o(.text)
    .text                                    0x080001c0   Section        0  uldiv.o(.text)
    .text                                    0x08000222   Section        0  memseta.o(.text)
    .text                                    0x08000246   Section        0  dfltui.o(.text)
    .text                                    0x08000260   Section       48  cdcmple.o(.text)
    .text                                    0x08000290   Section       48  cdrcmple.o(.text)
    .text                                    0x080002c0   Section        0  uidiv.o(.text)
    .text                                    0x080002ec   Section        0  llshl.o(.text)
    .text                                    0x0800030a   Section        0  llushr.o(.text)
    .text                                    0x0800032a   Section        0  depilogue.o(.text)
    .text                                    0x0800032a   Section        0  iusefp.o(.text)
    .text                                    0x080003e4   Section       36  init.o(.text)
    i.ADC_Init                               0x08000408   Section        0  stm32f4xx_hal_adc.o(i.ADC_Init)
    ADC_Init                                 0x08000409   Thumb Code   284  stm32f4xx_hal_adc.o(i.ADC_Init)
    i.ADS_Read_AD                            0x08000530   Section        0  touch.o(i.ADS_Read_AD)
    i.BusFault_Handler                       0x080005b4   Section        0  stm32f4xx_it.o(i.BusFault_Handler)
    i.Convert_Pos                            0x080005b8   Section        0  touch.o(i.Convert_Pos)
    i.D2_IN_GPIO_Init                        0x08000628   Section        0  gpio.o(i.D2_IN_GPIO_Init)
    i.D2_OUT_GPIO_Init                       0x08000648   Section        0  gpio.o(i.D2_OUT_GPIO_Init)
    i.DHT11_TEST                             0x08000668   Section        0  dht11.o(i.DHT11_TEST)
    i.DebugMon_Handler                       0x080008cc   Section        0  stm32f4xx_it.o(i.DebugMon_Handler)
    i.EXTI9_5_IRQHandler                     0x080008ce   Section        0  stm32f4xx_it.o(i.EXTI9_5_IRQHandler)
    i.Error_Handler                          0x080008d4   Section        0  main.o(i.Error_Handler)
    i.FSMC_NORSRAM_Extended_Timing_Init      0x080008d8   Section        0  stm32f4xx_ll_fsmc.o(i.FSMC_NORSRAM_Extended_Timing_Init)
    i.FSMC_NORSRAM_Init                      0x08000918   Section        0  stm32f4xx_ll_fsmc.o(i.FSMC_NORSRAM_Init)
    i.FSMC_NORSRAM_Timing_Init               0x0800096c   Section        0  stm32f4xx_ll_fsmc.o(i.FSMC_NORSRAM_Timing_Init)
    i.Get_Adc_Average                        0x080009b0   Section        0  adc.o(i.Get_Adc_Average)
    i.HAL_ADC_ConfigChannel                  0x080009d8   Section        0  stm32f4xx_hal_adc.o(i.HAL_ADC_ConfigChannel)
    i.HAL_ADC_GetValue                       0x08000b24   Section        0  stm32f4xx_hal_adc.o(i.HAL_ADC_GetValue)
    i.HAL_ADC_Init                           0x08000b2a   Section        0  stm32f4xx_hal_adc.o(i.HAL_ADC_Init)
    i.HAL_ADC_MspInit                        0x08000b80   Section        0  adc.o(i.HAL_ADC_MspInit)
    i.HAL_ADC_PollForConversion              0x08000be0   Section        0  stm32f4xx_hal_adc.o(i.HAL_ADC_PollForConversion)
    i.HAL_ADC_Start                          0x08000c84   Section        0  stm32f4xx_hal_adc.o(i.HAL_ADC_Start)
    i.HAL_DMA_Abort_IT                       0x08000d70   Section        0  stm32f4xx_hal_dma.o(i.HAL_DMA_Abort_IT)
    i.HAL_Delay                              0x08000d94   Section        0  stm32f4xx_hal.o(i.HAL_Delay)
    i.HAL_FSMC_MspInit                       0x08000db8   Section        0  fsmc.o(i.HAL_FSMC_MspInit)
    HAL_FSMC_MspInit                         0x08000db9   Thumb Code   136  fsmc.o(i.HAL_FSMC_MspInit)
    i.HAL_GPIO_EXTI_Callback                 0x08000e58   Section        0  gpio.o(i.HAL_GPIO_EXTI_Callback)
    i.HAL_GPIO_EXTI_IRQHandler               0x08000e68   Section        0  stm32f4xx_hal_gpio.o(i.HAL_GPIO_EXTI_IRQHandler)
    i.HAL_GPIO_Init                          0x08000e80   Section        0  stm32f4xx_hal_gpio.o(i.HAL_GPIO_Init)
    i.HAL_GPIO_ReadPin                       0x08001030   Section        0  stm32f4xx_hal_gpio.o(i.HAL_GPIO_ReadPin)
    i.HAL_GPIO_WritePin                      0x0800103a   Section        0  stm32f4xx_hal_gpio.o(i.HAL_GPIO_WritePin)
    i.HAL_GetTick                            0x08001044   Section        0  stm32f4xx_hal.o(i.HAL_GetTick)
    i.HAL_IncTick                            0x08001050   Section        0  stm32f4xx_hal.o(i.HAL_IncTick)
    i.HAL_Init                               0x08001060   Section        0  stm32f4xx_hal.o(i.HAL_Init)
    i.HAL_InitTick                           0x08001094   Section        0  stm32f4xx_hal.o(i.HAL_InitTick)
    i.HAL_MspInit                            0x080010d4   Section        0  stm32f4xx_hal_msp.o(i.HAL_MspInit)
    i.HAL_NVIC_ClearPendingIRQ               0x08001104   Section        0  stm32f4xx_hal_cortex.o(i.HAL_NVIC_ClearPendingIRQ)
    i.HAL_NVIC_DisableIRQ                    0x0800111e   Section        0  stm32f4xx_hal_cortex.o(i.HAL_NVIC_DisableIRQ)
    i.HAL_NVIC_EnableIRQ                     0x08001140   Section        0  stm32f4xx_hal_cortex.o(i.HAL_NVIC_EnableIRQ)
    i.HAL_NVIC_SetPriority                   0x0800115c   Section        0  stm32f4xx_hal_cortex.o(i.HAL_NVIC_SetPriority)
    i.HAL_NVIC_SetPriorityGrouping           0x0800119c   Section        0  stm32f4xx_hal_cortex.o(i.HAL_NVIC_SetPriorityGrouping)
    i.HAL_RCC_ClockConfig                    0x080011c0   Section        0  stm32f4xx_hal_rcc.o(i.HAL_RCC_ClockConfig)
    i.HAL_RCC_GetPCLK1Freq                   0x080012f0   Section        0  stm32f4xx_hal_rcc.o(i.HAL_RCC_GetPCLK1Freq)
    i.HAL_RCC_GetPCLK2Freq                   0x08001310   Section        0  stm32f4xx_hal_rcc.o(i.HAL_RCC_GetPCLK2Freq)
    i.HAL_RCC_GetSysClockFreq                0x08001330   Section        0  stm32f4xx_hal_rcc.o(i.HAL_RCC_GetSysClockFreq)
    i.HAL_RCC_OscConfig                      0x08001394   Section        0  stm32f4xx_hal_rcc.o(i.HAL_RCC_OscConfig)
    i.HAL_SPI_Init                           0x080016b0   Section        0  stm32f4xx_hal_spi.o(i.HAL_SPI_Init)
    i.HAL_SPI_MspInit                        0x08001730   Section        0  spi.o(i.HAL_SPI_MspInit)
    i.HAL_SPI_TransmitReceive                0x08001778   Section        0  stm32f4xx_hal_spi.o(i.HAL_SPI_TransmitReceive)
    i.HAL_SRAM_Init                          0x0800195a   Section        0  stm32f4xx_hal_sram.o(i.HAL_SRAM_Init)
    i.HAL_SRAM_MspInit                       0x080019b0   Section        0  fsmc.o(i.HAL_SRAM_MspInit)
    i.HAL_SYSTICK_CLKSourceConfig            0x080019b4   Section        0  stm32f4xx_hal_cortex.o(i.HAL_SYSTICK_CLKSourceConfig)
    i.HAL_SYSTICK_Config                     0x080019cc   Section        0  stm32f4xx_hal_cortex.o(i.HAL_SYSTICK_Config)
    i.HAL_UART_ErrorCallback                 0x080019f4   Section        0  stm32f4xx_hal_uart.o(i.HAL_UART_ErrorCallback)
    i.HAL_UART_IRQHandler                    0x080019f8   Section        0  stm32f4xx_hal_uart.o(i.HAL_UART_IRQHandler)
    i.HAL_UART_Init                          0x08001b08   Section        0  stm32f4xx_hal_uart.o(i.HAL_UART_Init)
    i.HAL_UART_MspInit                       0x08001b6c   Section        0  usart.o(i.HAL_UART_MspInit)
    i.HAL_UART_RxCpltCallback                0x08001be8   Section        0  stm32f4xx_hal_uart.o(i.HAL_UART_RxCpltCallback)
    i.HAL_UART_TxCpltCallback                0x08001bea   Section        0  stm32f4xx_hal_uart.o(i.HAL_UART_TxCpltCallback)
    i.HardFault_Handler                      0x08001bec   Section        0  stm32f4xx_it.o(i.HardFault_Handler)
    i.LCD_DrawPicture                        0x08001bf0   Section        0  lcd.o(i.LCD_DrawPicture)
    i.LCD_DrawPoint                          0x08001c4c   Section        0  lcd.o(i.LCD_DrawPoint)
    i.LCD_SetCursor                          0x08001c60   Section        0  lcd.o(i.LCD_SetCursor)
    i.LCD_ShowChar                           0x08001c90   Section        0  lcd.o(i.LCD_ShowChar)
    i.LCD_ShowCharString                     0x08001d08   Section        0  lcd.o(i.LCD_ShowCharString)
    i.LCD_ShowHzString                       0x08001d4c   Section        0  lcd.o(i.LCD_ShowHzString)
    i.LCD_ShowString                         0x08001da0   Section        0  lcd.o(i.LCD_ShowString)
    i.Lcd_Show                               0x08001de0   Section        0  main.o(i.Lcd_Show)
    i.MX_ADC3_Init                           0x08001ed0   Section        0  adc.o(i.MX_ADC3_Init)
    i.MX_FSMC_Init                           0x08001f34   Section        0  fsmc.o(i.MX_FSMC_Init)
    i.MX_GPIO_Init                           0x08001fa4   Section        0  gpio.o(i.MX_GPIO_Init)
    i.MX_SPI2_Init                           0x08002264   Section        0  spi.o(i.MX_SPI2_Init)
    i.MX_USART1_UART_Init                    0x0800229c   Section        0  usart.o(i.MX_USART1_UART_Init)
    i.MemManage_Handler                      0x080022d4   Section        0  stm32f4xx_it.o(i.MemManage_Handler)
    i.NMI_Handler                            0x080022d6   Section        0  stm32f4xx_it.o(i.NMI_Handler)
    i.PendSV_Handler                         0x080022d8   Section        0  stm32f4xx_it.o(i.PendSV_Handler)
    i.Read_ADS                               0x080022dc   Section        0  touch.o(i.Read_ADS)
    i.Read_ADS2                              0x08002300   Section        0  touch.o(i.Read_ADS2)
    i.SPI_EndRxTxTransaction                 0x08002340   Section        0  stm32f4xx_hal_spi.o(i.SPI_EndRxTxTransaction)
    SPI_EndRxTxTransaction                   0x08002341   Thumb Code    32  stm32f4xx_hal_spi.o(i.SPI_EndRxTxTransaction)
    i.SPI_WaitFlagStateUntilTimeout          0x08002360   Section        0  stm32f4xx_hal_spi.o(i.SPI_WaitFlagStateUntilTimeout)
    SPI_WaitFlagStateUntilTimeout            0x08002361   Thumb Code   148  stm32f4xx_hal_spi.o(i.SPI_WaitFlagStateUntilTimeout)
    i.SVC_Handler                            0x080023f4   Section        0  stm32f4xx_it.o(i.SVC_Handler)
    i.SysTick_Handler                        0x080023f6   Section        0  stm32f4xx_it.o(i.SysTick_Handler)
    i.SystemClock_Config                     0x080023fc   Section        0  main.o(i.SystemClock_Config)
    i.SystemInit                             0x08002480   Section        0  system_stm32f4xx.o(i.SystemInit)
    i.UART_DMAAbortOnError                   0x080024d4   Section        0  stm32f4xx_hal_uart.o(i.UART_DMAAbortOnError)
    UART_DMAAbortOnError                     0x080024d5   Thumb Code    16  stm32f4xx_hal_uart.o(i.UART_DMAAbortOnError)
    i.UART_EndRxTransfer                     0x080024e4   Section        0  stm32f4xx_hal_uart.o(i.UART_EndRxTransfer)
    UART_EndRxTransfer                       0x080024e5   Thumb Code    28  stm32f4xx_hal_uart.o(i.UART_EndRxTransfer)
    i.UART_Receive_IT                        0x08002500   Section        0  stm32f4xx_hal_uart.o(i.UART_Receive_IT)
    UART_Receive_IT                          0x08002501   Thumb Code   150  stm32f4xx_hal_uart.o(i.UART_Receive_IT)
    i.UART_SetConfig                         0x08002598   Section        0  stm32f4xx_hal_uart.o(i.UART_SetConfig)
    UART_SetConfig                           0x08002599   Thumb Code   676  stm32f4xx_hal_uart.o(i.UART_SetConfig)
    i.UART_Transmit_IT                       0x08002844   Section        0  stm32f4xx_hal_uart.o(i.UART_Transmit_IT)
    UART_Transmit_IT                         0x08002845   Thumb Code    98  stm32f4xx_hal_uart.o(i.UART_Transmit_IT)
    i.USART1_IRQHandler                      0x080028a8   Section        0  stm32f4xx_it.o(i.USART1_IRQHandler)
    i.UsageFault_Handler                     0x080028b4   Section        0  stm32f4xx_it.o(i.UsageFault_Handler)
    i.WriteOneHz                             0x080028b8   Section        0  lcd.o(i.WriteOneHz)
    i.__0printf$1                            0x08002920   Section        0  printf1.o(i.__0printf$1)
    i.__NVIC_SetPriority                     0x08002940   Section        0  stm32f4xx_hal_cortex.o(i.__NVIC_SetPriority)
    __NVIC_SetPriority                       0x08002941   Thumb Code    32  stm32f4xx_hal_cortex.o(i.__NVIC_SetPriority)
    i.__scatterload_copy                     0x08002960   Section       14  handlers.o(i.__scatterload_copy)
    i.__scatterload_null                     0x0800296e   Section        2  handlers.o(i.__scatterload_null)
    i.__scatterload_zeroinit                 0x08002970   Section       14  handlers.o(i.__scatterload_zeroinit)
    i._printf_core                           0x08002980   Section        0  printf1.o(i._printf_core)
    _printf_core                             0x08002981   Thumb Code   336  printf1.o(i._printf_core)
    i.btn                                    0x08002ad4   Section        0  main.o(i.btn)
    i.delay_init                             0x08002c88   Section        0  delay.o(i.delay_init)
    i.delay_ms                               0x08002c9c   Section        0  delay.o(i.delay_ms)
    i.delay_us                               0x08002cb8   Section        0  delay.o(i.delay_us)
    i.findHzIndex                            0x08002cec   Section        0  lcd.o(i.findHzIndex)
    i.fputc                                  0x08002d20   Section        0  main.o(i.fputc)
    i.hint                                   0x08002d34   Section        0  main.o(i.hint)
    i.lcd_clear                              0x08002d6c   Section        0  lcd.o(i.lcd_clear)
    i.lcd_init                               0x08002dac   Section        0  lcd.o(i.lcd_init)
    i.main                                   0x08002ef0   Section        0  main.o(i.main)
    i.motor1                                 0x080030e4   Section        0  main.o(i.motor1)
    i.motor2                                 0x080031c8   Section        0  main.o(i.motor2)
    i.read_data                              0x08003394   Section        0  lcd.o(i.read_data)
    i.read_reg                               0x0800339e   Section        0  lcd.o(i.read_reg)
    .constdata                               0x080033a8   Section     3680  lcd.o(.constdata)
    .constdata                               0x08004208   Section    270728  lcd.o(.constdata)
    .constdata                               0x08046390   Section       16  system_stm32f4xx.o(.constdata)
    .constdata                               0x080463a0   Section        8  system_stm32f4xx.o(.constdata)
    .data                                    0x20000000   Section        6  touch.o(.data)
    .data                                    0x20000006   Section        6  lcd.o(.data)
    i                                        0x20000006   Data           2  lcd.o(.data)
    j                                        0x20000008   Data           2  lcd.o(.data)
    .data                                    0x2000000c   Section        5  dht11.o(.data)
    .data                                    0x20000014   Section        4  delay.o(.data)
    fac_us                                   0x20000014   Data           4  delay.o(.data)
    .data                                    0x20000018   Section       20  main.o(.data)
    .data                                    0x2000002c   Section        8  fsmc.o(.data)
    FSMC_Initialized                         0x2000002c   Data           4  fsmc.o(.data)
    FSMC_DeInitialized                       0x20000030   Data           4  fsmc.o(.data)
    .data                                    0x20000034   Section       12  stm32f4xx_hal.o(.data)
    .data                                    0x20000040   Section        4  system_stm32f4xx.o(.data)
    .data                                    0x20000044   Section        4  stdout.o(.data)
    .bss                                     0x20000048   Section       24  main.o(.bss)
    .bss                                     0x20000060   Section       72  adc.o(.bss)
    .bss                                     0x200000a8   Section       80  fsmc.o(.bss)
    .bss                                     0x200000f8   Section       88  spi.o(.bss)
    .bss                                     0x20000150   Section       64  usart.o(.bss)
    STACK                                    0x20000190   Section     1024  startup_stm32f407xx.o(STACK)

    Global Symbols

    Symbol Name                              Value     Ov Type        Size  Object(Section)

    BuildAttributes$$THM_ISAv4$E$P$D$K$B$S$7EM$VFPi3$EXTD16$VFPS$VFMA$PE$A:L22UL41UL21$X:L11$S22US41US21$IEEE1$IW$USESV6$~STKCKD$USESV7$~SHL$OSPACE$ROPI$EBA8$MICROLIB$REQ8$PRES8$EABIv2 0x00000000   Number         0  anon$$obj.o ABSOLUTE
    __ARM_use_no_argv                        0x00000000   Number         0  main.o ABSOLUTE
    _printf_a                                0x00000000   Number         0  stubs.o ABSOLUTE
    _printf_c                                0x00000000   Number         0  stubs.o ABSOLUTE
    _printf_charcount                        0x00000000   Number         0  stubs.o ABSOLUTE
    _printf_d                                0x00000000   Number         0  stubs.o ABSOLUTE
    _printf_e                                0x00000000   Number         0  stubs.o ABSOLUTE
    _printf_f                                0x00000000   Number         0  stubs.o ABSOLUTE
    _printf_flags                            0x00000000   Number         0  stubs.o ABSOLUTE
    _printf_fp_dec                           0x00000000   Number         0  stubs.o ABSOLUTE
    _printf_fp_hex                           0x00000000   Number         0  stubs.o ABSOLUTE
    _printf_g                                0x00000000   Number         0  stubs.o ABSOLUTE
    _printf_i                                0x00000000   Number         0  stubs.o ABSOLUTE
    _printf_int_dec                          0x00000000   Number         0  stubs.o ABSOLUTE
    _printf_l                                0x00000000   Number         0  stubs.o ABSOLUTE
    _printf_lc                               0x00000000   Number         0  stubs.o ABSOLUTE
    _printf_ll                               0x00000000   Number         0  stubs.o ABSOLUTE
    _printf_lld                              0x00000000   Number         0  stubs.o ABSOLUTE
    _printf_lli                              0x00000000   Number         0  stubs.o ABSOLUTE
    _printf_llo                              0x00000000   Number         0  stubs.o ABSOLUTE
    _printf_llu                              0x00000000   Number         0  stubs.o ABSOLUTE
    _printf_llx                              0x00000000   Number         0  stubs.o ABSOLUTE
    _printf_longlong_dec                     0x00000000   Number         0  stubs.o ABSOLUTE
    _printf_longlong_hex                     0x00000000   Number         0  stubs.o ABSOLUTE
    _printf_longlong_oct                     0x00000000   Number         0  stubs.o ABSOLUTE
    _printf_ls                               0x00000000   Number         0  stubs.o ABSOLUTE
    _printf_mbtowc                           0x00000000   Number         0  stubs.o ABSOLUTE
    _printf_n                                0x00000000   Number         0  stubs.o ABSOLUTE
    _printf_o                                0x00000000   Number         0  stubs.o ABSOLUTE
    _printf_p                                0x00000000   Number         0  stubs.o ABSOLUTE
    _printf_percent                          0x00000000   Number         0  stubs.o ABSOLUTE
    _printf_pre_padding                      0x00000000   Number         0  stubs.o ABSOLUTE
    _printf_return_value                     0x00000000   Number         0  stubs.o ABSOLUTE
    _printf_s                                0x00000000   Number         0  stubs.o ABSOLUTE
    _printf_sizespec                         0x00000000   Number         0  stubs.o ABSOLUTE
    _printf_str                              0x00000000   Number         0  stubs.o ABSOLUTE
    _printf_truncate_signed                  0x00000000   Number         0  stubs.o ABSOLUTE
    _printf_truncate_unsigned                0x00000000   Number         0  stubs.o ABSOLUTE
    _printf_u                                0x00000000   Number         0  stubs.o ABSOLUTE
    _printf_wc                               0x00000000   Number         0  stubs.o ABSOLUTE
    _printf_wctomb                           0x00000000   Number         0  stubs.o ABSOLUTE
    _printf_widthprec                        0x00000000   Number         0  stubs.o ABSOLUTE
    _printf_x                                0x00000000   Number         0  stubs.o ABSOLUTE
    __cpp_initialize__aeabi_                  - Undefined Weak Reference
    __cxa_finalize                            - Undefined Weak Reference
    __decompress                              - Undefined Weak Reference
    _clock_init                               - Undefined Weak Reference
    _microlib_exit                            - Undefined Weak Reference
    __Vectors_Size                           0x00000188   Number         0  startup_stm32f407xx.o ABSOLUTE
    __Vectors                                0x08000000   Data           4  startup_stm32f407xx.o(RESET)
    __Vectors_End                            0x08000188   Data           0  startup_stm32f407xx.o(RESET)
    __main                                   0x08000189   Thumb Code     0  entry.o(.ARM.Collect$$$$00000000)
    _main_stk                                0x08000189   Thumb Code     0  entry2.o(.ARM.Collect$$$$00000001)
    _main_scatterload                        0x0800018d   Thumb Code     0  entry5.o(.ARM.Collect$$$$00000004)
    __main_after_scatterload                 0x08000191   Thumb Code     0  entry5.o(.ARM.Collect$$$$00000004)
    _main_clock                              0x08000191   Thumb Code     0  entry7b.o(.ARM.Collect$$$$00000008)
    _main_cpp_init                           0x08000191   Thumb Code     0  entry8b.o(.ARM.Collect$$$$0000000A)
    _main_init                               0x08000191   Thumb Code     0  entry9a.o(.ARM.Collect$$$$0000000B)
    __rt_final_cpp                           0x08000199   Thumb Code     0  entry10a.o(.ARM.Collect$$$$0000000D)
    __rt_final_exit                          0x08000199   Thumb Code     0  entry11a.o(.ARM.Collect$$$$0000000F)
    Reset_Handler                            0x0800019d   Thumb Code     8  startup_stm32f407xx.o(.text)
    ADC_IRQHandler                           0x080001b7   Thumb Code     0  startup_stm32f407xx.o(.text)
    CAN1_RX0_IRQHandler                      0x080001b7   Thumb Code     0  startup_stm32f407xx.o(.text)
    CAN1_RX1_IRQHandler                      0x080001b7   Thumb Code     0  startup_stm32f407xx.o(.text)
    CAN1_SCE_IRQHandler                      0x080001b7   Thumb Code     0  startup_stm32f407xx.o(.text)
    CAN1_TX_IRQHandler                       0x080001b7   Thumb Code     0  startup_stm32f407xx.o(.text)
    CAN2_RX0_IRQHandler                      0x080001b7   Thumb Code     0  startup_stm32f407xx.o(.text)
    CAN2_RX1_IRQHandler                      0x080001b7   Thumb Code     0  startup_stm32f407xx.o(.text)
    CAN2_SCE_IRQHandler                      0x080001b7   Thumb Code     0  startup_stm32f407xx.o(.text)
    CAN2_TX_IRQHandler                       0x080001b7   Thumb Code     0  startup_stm32f407xx.o(.text)
    DCMI_IRQHandler                          0x080001b7   Thumb Code     0  startup_stm32f407xx.o(.text)
    DMA1_Stream0_IRQHandler                  0x080001b7   Thumb Code     0  startup_stm32f407xx.o(.text)
    DMA1_Stream1_IRQHandler                  0x080001b7   Thumb Code     0  startup_stm32f407xx.o(.text)
    DMA1_Stream2_IRQHandler                  0x080001b7   Thumb Code     0  startup_stm32f407xx.o(.text)
    DMA1_Stream3_IRQHandler                  0x080001b7   Thumb Code     0  startup_stm32f407xx.o(.text)
    DMA1_Stream4_IRQHandler                  0x080001b7   Thumb Code     0  startup_stm32f407xx.o(.text)
    DMA1_Stream5_IRQHandler                  0x080001b7   Thumb Code     0  startup_stm32f407xx.o(.text)
    DMA1_Stream6_IRQHandler                  0x080001b7   Thumb Code     0  startup_stm32f407xx.o(.text)
    DMA1_Stream7_IRQHandler                  0x080001b7   Thumb Code     0  startup_stm32f407xx.o(.text)
    DMA2_Stream0_IRQHandler                  0x080001b7   Thumb Code     0  startup_stm32f407xx.o(.text)
    DMA2_Stream1_IRQHandler                  0x080001b7   Thumb Code     0  startup_stm32f407xx.o(.text)
    DMA2_Stream2_IRQHandler                  0x080001b7   Thumb Code     0  startup_stm32f407xx.o(.text)
    DMA2_Stream3_IRQHandler                  0x080001b7   Thumb Code     0  startup_stm32f407xx.o(.text)
    DMA2_Stream4_IRQHandler                  0x080001b7   Thumb Code     0  startup_stm32f407xx.o(.text)
    DMA2_Stream5_IRQHandler                  0x080001b7   Thumb Code     0  startup_stm32f407xx.o(.text)
    DMA2_Stream6_IRQHandler                  0x080001b7   Thumb Code     0  startup_stm32f407xx.o(.text)
    DMA2_Stream7_IRQHandler                  0x080001b7   Thumb Code     0  startup_stm32f407xx.o(.text)
    ETH_IRQHandler                           0x080001b7   Thumb Code     0  startup_stm32f407xx.o(.text)
    ETH_WKUP_IRQHandler                      0x080001b7   Thumb Code     0  startup_stm32f407xx.o(.text)
    EXTI0_IRQHandler                         0x080001b7   Thumb Code     0  startup_stm32f407xx.o(.text)
    EXTI15_10_IRQHandler                     0x080001b7   Thumb Code     0  startup_stm32f407xx.o(.text)
    EXTI1_IRQHandler                         0x080001b7   Thumb Code     0  startup_stm32f407xx.o(.text)
    EXTI2_IRQHandler                         0x080001b7   Thumb Code     0  startup_stm32f407xx.o(.text)
    EXTI3_IRQHandler                         0x080001b7   Thumb Code     0  startup_stm32f407xx.o(.text)
    EXTI4_IRQHandler                         0x080001b7   Thumb Code     0  startup_stm32f407xx.o(.text)
    FLASH_IRQHandler                         0x080001b7   Thumb Code     0  startup_stm32f407xx.o(.text)
    FMC_IRQHandler                           0x080001b7   Thumb Code     0  startup_stm32f407xx.o(.text)
    FPU_IRQHandler                           0x080001b7   Thumb Code     0  startup_stm32f407xx.o(.text)
    HASH_RNG_IRQHandler                      0x080001b7   Thumb Code     0  startup_stm32f407xx.o(.text)
    I2C1_ER_IRQHandler                       0x080001b7   Thumb Code     0  startup_stm32f407xx.o(.text)
    I2C1_EV_IRQHandler                       0x080001b7   Thumb Code     0  startup_stm32f407xx.o(.text)
    I2C2_ER_IRQHandler                       0x080001b7   Thumb Code     0  startup_stm32f407xx.o(.text)
    I2C2_EV_IRQHandler                       0x080001b7   Thumb Code     0  startup_stm32f407xx.o(.text)
    I2C3_ER_IRQHandler                       0x080001b7   Thumb Code     0  startup_stm32f407xx.o(.text)
    I2C3_EV_IRQHandler                       0x080001b7   Thumb Code     0  startup_stm32f407xx.o(.text)
    OTG_FS_IRQHandler                        0x080001b7   Thumb Code     0  startup_stm32f407xx.o(.text)
    OTG_FS_WKUP_IRQHandler                   0x080001b7   Thumb Code     0  startup_stm32f407xx.o(.text)
    OTG_HS_EP1_IN_IRQHandler                 0x080001b7   Thumb Code     0  startup_stm32f407xx.o(.text)
    OTG_HS_EP1_OUT_IRQHandler                0x080001b7   Thumb Code     0  startup_stm32f407xx.o(.text)
    OTG_HS_IRQHandler                        0x080001b7   Thumb Code     0  startup_stm32f407xx.o(.text)
    OTG_HS_WKUP_IRQHandler                   0x080001b7   Thumb Code     0  startup_stm32f407xx.o(.text)
    PVD_IRQHandler                           0x080001b7   Thumb Code     0  startup_stm32f407xx.o(.text)
    RCC_IRQHandler                           0x080001b7   Thumb Code     0  startup_stm32f407xx.o(.text)
    RTC_Alarm_IRQHandler                     0x080001b7   Thumb Code     0  startup_stm32f407xx.o(.text)
    RTC_WKUP_IRQHandler                      0x080001b7   Thumb Code     0  startup_stm32f407xx.o(.text)
    SDIO_IRQHandler                          0x080001b7   Thumb Code     0  startup_stm32f407xx.o(.text)
    SPI1_IRQHandler                          0x080001b7   Thumb Code     0  startup_stm32f407xx.o(.text)
    SPI2_IRQHandler                          0x080001b7   Thumb Code     0  startup_stm32f407xx.o(.text)
    SPI3_IRQHandler                          0x080001b7   Thumb Code     0  startup_stm32f407xx.o(.text)
    TAMP_STAMP_IRQHandler                    0x080001b7   Thumb Code     0  startup_stm32f407xx.o(.text)
    TIM1_BRK_TIM9_IRQHandler                 0x080001b7   Thumb Code     0  startup_stm32f407xx.o(.text)
    TIM1_CC_IRQHandler                       0x080001b7   Thumb Code     0  startup_stm32f407xx.o(.text)
    TIM1_TRG_COM_TIM11_IRQHandler            0x080001b7   Thumb Code     0  startup_stm32f407xx.o(.text)
    TIM1_UP_TIM10_IRQHandler                 0x080001b7   Thumb Code     0  startup_stm32f407xx.o(.text)
    TIM2_IRQHandler                          0x080001b7   Thumb Code     0  startup_stm32f407xx.o(.text)
    TIM3_IRQHandler                          0x080001b7   Thumb Code     0  startup_stm32f407xx.o(.text)
    TIM4_IRQHandler                          0x080001b7   Thumb Code     0  startup_stm32f407xx.o(.text)
    TIM5_IRQHandler                          0x080001b7   Thumb Code     0  startup_stm32f407xx.o(.text)
    TIM6_DAC_IRQHandler                      0x080001b7   Thumb Code     0  startup_stm32f407xx.o(.text)
    TIM7_IRQHandler                          0x080001b7   Thumb Code     0  startup_stm32f407xx.o(.text)
    TIM8_BRK_TIM12_IRQHandler                0x080001b7   Thumb Code     0  startup_stm32f407xx.o(.text)
    TIM8_CC_IRQHandler                       0x080001b7   Thumb Code     0  startup_stm32f407xx.o(.text)
    TIM8_TRG_COM_TIM14_IRQHandler            0x080001b7   Thumb Code     0  startup_stm32f407xx.o(.text)
    TIM8_UP_TIM13_IRQHandler                 0x080001b7   Thumb Code     0  startup_stm32f407xx.o(.text)
    UART4_IRQHandler                         0x080001b7   Thumb Code     0  startup_stm32f407xx.o(.text)
    UART5_IRQHandler                         0x080001b7   Thumb Code     0  startup_stm32f407xx.o(.text)
    USART2_IRQHandler                        0x080001b7   Thumb Code     0  startup_stm32f407xx.o(.text)
    USART3_IRQHandler                        0x080001b7   Thumb Code     0  startup_stm32f407xx.o(.text)
    USART6_IRQHandler                        0x080001b7   Thumb Code     0  startup_stm32f407xx.o(.text)
    WWDG_IRQHandler                          0x080001b7   Thumb Code     0  startup_stm32f407xx.o(.text)
    __aeabi_uldivmod                         0x080001c1   Thumb Code    98  uldiv.o(.text)
    __aeabi_memset                           0x08000223   Thumb Code    14  memseta.o(.text)
    __aeabi_memset4                          0x08000223   Thumb Code     0  memseta.o(.text)
    __aeabi_memset8                          0x08000223   Thumb Code     0  memseta.o(.text)
    __aeabi_memclr                           0x08000231   Thumb Code     4  memseta.o(.text)
    __aeabi_memclr4                          0x08000231   Thumb Code     0  memseta.o(.text)
    __aeabi_memclr8                          0x08000231   Thumb Code     0  memseta.o(.text)
    _memset$wrapper                          0x08000235   Thumb Code    18  memseta.o(.text)
    __aeabi_ui2d                             0x08000247   Thumb Code    26  dfltui.o(.text)
    __aeabi_cdcmpeq                          0x08000261   Thumb Code     0  cdcmple.o(.text)
    __aeabi_cdcmple                          0x08000261   Thumb Code    48  cdcmple.o(.text)
    __aeabi_cdrcmple                         0x08000291   Thumb Code    48  cdrcmple.o(.text)
    __aeabi_uidiv                            0x080002c1   Thumb Code     0  uidiv.o(.text)
    __aeabi_uidivmod                         0x080002c1   Thumb Code    44  uidiv.o(.text)
    __aeabi_llsl                             0x080002ed   Thumb Code    30  llshl.o(.text)
    _ll_shift_l                              0x080002ed   Thumb Code     0  llshl.o(.text)
    __aeabi_llsr                             0x0800030b   Thumb Code    32  llushr.o(.text)
    _ll_ushift_r                             0x0800030b   Thumb Code     0  llushr.o(.text)
    __I$use$fp                               0x0800032b   Thumb Code     0  iusefp.o(.text)
    _double_round                            0x0800032b   Thumb Code    30  depilogue.o(.text)
    _double_epilogue                         0x08000349   Thumb Code   156  depilogue.o(.text)
    __scatterload                            0x080003e5   Thumb Code    28  init.o(.text)
    __scatterload_rt2                        0x080003e5   Thumb Code     0  init.o(.text)
    ADS_Read_AD                              0x08000531   Thumb Code    96  touch.o(i.ADS_Read_AD)
    BusFault_Handler                         0x080005b5   Thumb Code     2  stm32f4xx_it.o(i.BusFault_Handler)
    Convert_Pos                              0x080005b9   Thumb Code    90  touch.o(i.Convert_Pos)
    D2_IN_GPIO_Init                          0x08000629   Thumb Code    28  gpio.o(i.D2_IN_GPIO_Init)
    D2_OUT_GPIO_Init                         0x08000649   Thumb Code    28  gpio.o(i.D2_OUT_GPIO_Init)
    DHT11_TEST                               0x08000669   Thumb Code   604  dht11.o(i.DHT11_TEST)
    DebugMon_Handler                         0x080008cd   Thumb Code     2  stm32f4xx_it.o(i.DebugMon_Handler)
    EXTI9_5_IRQHandler                       0x080008cf   Thumb Code     6  stm32f4xx_it.o(i.EXTI9_5_IRQHandler)
    Error_Handler                            0x080008d5   Thumb Code     2  main.o(i.Error_Handler)
    FSMC_NORSRAM_Extended_Timing_Init        0x080008d9   Thumb Code    60  stm32f4xx_ll_fsmc.o(i.FSMC_NORSRAM_Extended_Timing_Init)
    FSMC_NORSRAM_Init                        0x08000919   Thumb Code    80  stm32f4xx_ll_fsmc.o(i.FSMC_NORSRAM_Init)
    FSMC_NORSRAM_Timing_Init                 0x0800096d   Thumb Code    64  stm32f4xx_ll_fsmc.o(i.FSMC_NORSRAM_Timing_Init)
    Get_Adc_Average                          0x080009b1   Thumb Code    40  adc.o(i.Get_Adc_Average)
    HAL_ADC_ConfigChannel                    0x080009d9   Thumb Code   316  stm32f4xx_hal_adc.o(i.HAL_ADC_ConfigChannel)
    HAL_ADC_GetValue                         0x08000b25   Thumb Code     6  stm32f4xx_hal_adc.o(i.HAL_ADC_GetValue)
    HAL_ADC_Init                             0x08000b2b   Thumb Code    84  stm32f4xx_hal_adc.o(i.HAL_ADC_Init)
    HAL_ADC_MspInit                          0x08000b81   Thumb Code    84  adc.o(i.HAL_ADC_MspInit)
    HAL_ADC_PollForConversion                0x08000be1   Thumb Code   162  stm32f4xx_hal_adc.o(i.HAL_ADC_PollForConversion)
    HAL_ADC_Start                            0x08000c85   Thumb Code   210  stm32f4xx_hal_adc.o(i.HAL_ADC_Start)
    HAL_DMA_Abort_IT                         0x08000d71   Thumb Code    36  stm32f4xx_hal_dma.o(i.HAL_DMA_Abort_IT)
    HAL_Delay                                0x08000d95   Thumb Code    32  stm32f4xx_hal.o(i.HAL_Delay)
    HAL_GPIO_EXTI_Callback                   0x08000e59   Thumb Code    12  gpio.o(i.HAL_GPIO_EXTI_Callback)
    HAL_GPIO_EXTI_IRQHandler                 0x08000e69   Thumb Code    18  stm32f4xx_hal_gpio.o(i.HAL_GPIO_EXTI_IRQHandler)
    HAL_GPIO_Init                            0x08000e81   Thumb Code   388  stm32f4xx_hal_gpio.o(i.HAL_GPIO_Init)
    HAL_GPIO_ReadPin                         0x08001031   Thumb Code    10  stm32f4xx_hal_gpio.o(i.HAL_GPIO_ReadPin)
    HAL_GPIO_WritePin                        0x0800103b   Thumb Code    10  stm32f4xx_hal_gpio.o(i.HAL_GPIO_WritePin)
    HAL_GetTick                              0x08001045   Thumb Code     6  stm32f4xx_hal.o(i.HAL_GetTick)
    HAL_IncTick                              0x08001051   Thumb Code    12  stm32f4xx_hal.o(i.HAL_IncTick)
    HAL_Init                                 0x08001061   Thumb Code    48  stm32f4xx_hal.o(i.HAL_Init)
    HAL_InitTick                             0x08001095   Thumb Code    54  stm32f4xx_hal.o(i.HAL_InitTick)
    HAL_MspInit                              0x080010d5   Thumb Code    42  stm32f4xx_hal_msp.o(i.HAL_MspInit)
    HAL_NVIC_ClearPendingIRQ                 0x08001105   Thumb Code    26  stm32f4xx_hal_cortex.o(i.HAL_NVIC_ClearPendingIRQ)
    HAL_NVIC_DisableIRQ                      0x0800111f   Thumb Code    34  stm32f4xx_hal_cortex.o(i.HAL_NVIC_DisableIRQ)
    HAL_NVIC_EnableIRQ                       0x08001141   Thumb Code    26  stm32f4xx_hal_cortex.o(i.HAL_NVIC_EnableIRQ)
    HAL_NVIC_SetPriority                     0x0800115d   Thumb Code    60  stm32f4xx_hal_cortex.o(i.HAL_NVIC_SetPriority)
    HAL_NVIC_SetPriorityGrouping             0x0800119d   Thumb Code    26  stm32f4xx_hal_cortex.o(i.HAL_NVIC_SetPriorityGrouping)
    HAL_RCC_ClockConfig                      0x080011c1   Thumb Code   286  stm32f4xx_hal_rcc.o(i.HAL_RCC_ClockConfig)
    HAL_RCC_GetPCLK1Freq                     0x080012f1   Thumb Code    20  stm32f4xx_hal_rcc.o(i.HAL_RCC_GetPCLK1Freq)
    HAL_RCC_GetPCLK2Freq                     0x08001311   Thumb Code    20  stm32f4xx_hal_rcc.o(i.HAL_RCC_GetPCLK2Freq)
    HAL_RCC_GetSysClockFreq                  0x08001331   Thumb Code    88  stm32f4xx_hal_rcc.o(i.HAL_RCC_GetSysClockFreq)
    HAL_RCC_OscConfig                        0x08001395   Thumb Code   770  stm32f4xx_hal_rcc.o(i.HAL_RCC_OscConfig)
    HAL_SPI_Init                             0x080016b1   Thumb Code   128  stm32f4xx_hal_spi.o(i.HAL_SPI_Init)
    HAL_SPI_MspInit                          0x08001731   Thumb Code    58  spi.o(i.HAL_SPI_MspInit)
    HAL_SPI_TransmitReceive                  0x08001779   Thumb Code   482  stm32f4xx_hal_spi.o(i.HAL_SPI_TransmitReceive)
    HAL_SRAM_Init                            0x0800195b   Thumb Code    86  stm32f4xx_hal_sram.o(i.HAL_SRAM_Init)
    HAL_SRAM_MspInit                         0x080019b1   Thumb Code     4  fsmc.o(i.HAL_SRAM_MspInit)
    HAL_SYSTICK_CLKSourceConfig              0x080019b5   Thumb Code    24  stm32f4xx_hal_cortex.o(i.HAL_SYSTICK_CLKSourceConfig)
    HAL_SYSTICK_Config                       0x080019cd   Thumb Code    40  stm32f4xx_hal_cortex.o(i.HAL_SYSTICK_Config)
    HAL_UART_ErrorCallback                   0x080019f5   Thumb Code     2  stm32f4xx_hal_uart.o(i.HAL_UART_ErrorCallback)
    HAL_UART_IRQHandler                      0x080019f9   Thumb Code   266  stm32f4xx_hal_uart.o(i.HAL_UART_IRQHandler)
    HAL_UART_Init                            0x08001b09   Thumb Code    98  stm32f4xx_hal_uart.o(i.HAL_UART_Init)
    HAL_UART_MspInit                         0x08001b6d   Thumb Code   110  usart.o(i.HAL_UART_MspInit)
    HAL_UART_RxCpltCallback                  0x08001be9   Thumb Code     2  stm32f4xx_hal_uart.o(i.HAL_UART_RxCpltCallback)
    HAL_UART_TxCpltCallback                  0x08001beb   Thumb Code     2  stm32f4xx_hal_uart.o(i.HAL_UART_TxCpltCallback)
    HardFault_Handler                        0x08001bed   Thumb Code     2  stm32f4xx_it.o(i.HardFault_Handler)
    LCD_DrawPicture                          0x08001bf1   Thumb Code    88  lcd.o(i.LCD_DrawPicture)
    LCD_DrawPoint                            0x08001c4d   Thumb Code    20  lcd.o(i.LCD_DrawPoint)
    LCD_SetCursor                            0x08001c61   Thumb Code    46  lcd.o(i.LCD_SetCursor)
    LCD_ShowChar                             0x08001c91   Thumb Code   112  lcd.o(i.LCD_ShowChar)
    LCD_ShowCharString                       0x08001d09   Thumb Code    68  lcd.o(i.LCD_ShowCharString)
    LCD_ShowHzString                         0x08001d4d   Thumb Code    78  lcd.o(i.LCD_ShowHzString)
    LCD_ShowString                           0x08001da1   Thumb Code    62  lcd.o(i.LCD_ShowString)
    Lcd_Show                                 0x08001de1   Thumb Code   224  main.o(i.Lcd_Show)
    MX_ADC3_Init                             0x08001ed1   Thumb Code    88  adc.o(i.MX_ADC3_Init)
    MX_FSMC_Init                             0x08001f35   Thumb Code   102  fsmc.o(i.MX_FSMC_Init)
    MX_GPIO_Init                             0x08001fa5   Thumb Code   662  gpio.o(i.MX_GPIO_Init)
    MX_SPI2_Init                             0x08002265   Thumb Code    46  spi.o(i.MX_SPI2_Init)
    MX_USART1_UART_Init                      0x0800229d   Thumb Code    48  usart.o(i.MX_USART1_UART_Init)
    MemManage_Handler                        0x080022d5   Thumb Code     2  stm32f4xx_it.o(i.MemManage_Handler)
    NMI_Handler                              0x080022d7   Thumb Code     2  stm32f4xx_it.o(i.NMI_Handler)
    PendSV_Handler                           0x080022d9   Thumb Code     2  stm32f4xx_it.o(i.PendSV_Handler)
    Read_ADS                                 0x080022dd   Thumb Code    30  touch.o(i.Read_ADS)
    Read_ADS2                                0x08002301   Thumb Code    64  touch.o(i.Read_ADS2)
    SVC_Handler                              0x080023f5   Thumb Code     2  stm32f4xx_it.o(i.SVC_Handler)
    SysTick_Handler                          0x080023f7   Thumb Code     4  stm32f4xx_it.o(i.SysTick_Handler)
    SystemClock_Config                       0x080023fd   Thumb Code   122  main.o(i.SystemClock_Config)
    SystemInit                               0x08002481   Thumb Code    66  system_stm32f4xx.o(i.SystemInit)
    USART1_IRQHandler                        0x080028a9   Thumb Code     6  stm32f4xx_it.o(i.USART1_IRQHandler)
    UsageFault_Handler                       0x080028b5   Thumb Code     2  stm32f4xx_it.o(i.UsageFault_Handler)
    WriteOneHz                               0x080028b9   Thumb Code   102  lcd.o(i.WriteOneHz)
    __0printf$1                              0x08002921   Thumb Code    22  printf1.o(i.__0printf$1)
    __1printf$1                              0x08002921   Thumb Code     0  printf1.o(i.__0printf$1)
    __2printf                                0x08002921   Thumb Code     0  printf1.o(i.__0printf$1)
    __scatterload_copy                       0x08002961   Thumb Code    14  handlers.o(i.__scatterload_copy)
    __scatterload_null                       0x0800296f   Thumb Code     2  handlers.o(i.__scatterload_null)
    __scatterload_zeroinit                   0x08002971   Thumb Code    14  handlers.o(i.__scatterload_zeroinit)
    btn                                      0x08002ad5   Thumb Code   342  main.o(i.btn)
    delay_init                               0x08002c89   Thumb Code    16  delay.o(i.delay_init)
    delay_ms                                 0x08002c9d   Thumb Code    26  delay.o(i.delay_ms)
    delay_us                                 0x08002cb9   Thumb Code    48  delay.o(i.delay_us)
    findHzIndex                              0x08002ced   Thumb Code    48  lcd.o(i.findHzIndex)
    fputc                                    0x08002d21   Thumb Code    14  main.o(i.fputc)
    hint                                     0x08002d35   Thumb Code    50  main.o(i.hint)
    lcd_clear                                0x08002d6d   Thumb Code    62  lcd.o(i.lcd_clear)
    lcd_init                                 0x08002dad   Thumb Code   316  lcd.o(i.lcd_init)
    main                                     0x08002ef1   Thumb Code   394  main.o(i.main)
    motor1                                   0x080030e5   Thumb Code   216  main.o(i.motor1)
    motor2                                   0x080031c9   Thumb Code   448  main.o(i.motor2)
    read_data                                0x08003395   Thumb Code    10  lcd.o(i.read_data)
    read_reg                                 0x0800339f   Thumb Code    10  lcd.o(i.read_reg)
    asc2_1206                                0x080033a8   Data        1140  lcd.o(.constdata)
    asc2_1608                                0x0800381c   Data        1520  lcd.o(.constdata)
    GBHZ_16                                  0x08003e0c   Data        1020  lcd.o(.constdata)
    bg                                       0x08004208   Data       270728  lcd.o(.constdata)
    AHBPrescTable                            0x08046390   Data          16  system_stm32f4xx.o(.constdata)
    APBPrescTable                            0x080463a0   Data           8  system_stm32f4xx.o(.constdata)
    Region$$Table$$Base                      0x080463a8   Number         0  anon$$obj.o(Region$$Table)
    Region$$Table$$Limit                     0x080463c8   Number         0  anon$$obj.o(Region$$Table)
    CMD_X                                    0x20000000   Data           3  touch.o(.data)
    CMD_Y                                    0x20000003   Data           3  touch.o(.data)
    DeviceCode                               0x2000000a   Data           2  lcd.o(.data)
    ucharT_data_H                            0x2000000c   Data           1  dht11.o(.data)
    ucharT_data_L                            0x2000000d   Data           1  dht11.o(.data)
    ucharRH_data_H                           0x2000000e   Data           1  dht11.o(.data)
    ucharRH_data_L                           0x2000000f   Data           1  dht11.o(.data)
    ucharcheckdata                           0x20000010   Data           1  dht11.o(.data)
    line_x                                   0x20000018   Data           2  main.o(.data)
    line_y                                   0x2000001a   Data           2  main.o(.data)
    Light                                    0x2000001c   Data           2  main.o(.data)
    btn1                                     0x20000020   Data           4  main.o(.data)
    btn2                                     0x20000024   Data           4  main.o(.data)
    btn3                                     0x20000028   Data           4  main.o(.data)
    uwTickFreq                               0x20000034   Data           1  stm32f4xx_hal.o(.data)
    uwTickPrio                               0x20000038   Data           4  stm32f4xx_hal.o(.data)
    uwTick                                   0x2000003c   Data           4  stm32f4xx_hal.o(.data)
    SystemCoreClock                          0x20000040   Data           4  system_stm32f4xx.o(.data)
    __stdout                                 0x20000044   Data           4  stdout.o(.data)
    Pen_Point                                0x20000048   Data          24  main.o(.bss)
    hadc3                                    0x20000060   Data          72  adc.o(.bss)
    hsram1                                   0x200000a8   Data          80  fsmc.o(.bss)
    hspi2                                    0x200000f8   Data          88  spi.o(.bss)
    huart1                                   0x20000150   Data          64  usart.o(.bss)
    __initial_sp                             0x20000590   Data           0  startup_stm32f407xx.o(STACK)



==============================================================================

Memory Map of the image

  Image Entry point : 0x08000189

  Load Region LR_IROM1 (Base: 0x08000000, Size: 0x00046410, Max: 0x00100000, ABSOLUTE)

    Execution Region ER_IROM1 (Exec base: 0x08000000, Load base: 0x08000000, Size: 0x000463c8, Max: 0x00100000, ABSOLUTE)

    Exec Addr    Load Addr    Size         Type   Attr      Idx    E Section Name        Object

    0x08000000   0x08000000   0x00000188   Data   RO            3    RESET               startup_stm32f407xx.o
    0x08000188   0x08000188   0x00000000   Code   RO         3226  * .ARM.Collect$$$$00000000  mc_w.l(entry.o)
    0x08000188   0x08000188   0x00000004   Code   RO         3500    .ARM.Collect$$$$00000001  mc_w.l(entry2.o)
    0x0800018c   0x0800018c   0x00000004   Code   RO         3503    .ARM.Collect$$$$00000004  mc_w.l(entry5.o)
    0x08000190   0x08000190   0x00000000   Code   RO         3505    .ARM.Collect$$$$00000008  mc_w.l(entry7b.o)
    0x08000190   0x08000190   0x00000000   Code   RO         3507    .ARM.Collect$$$$0000000A  mc_w.l(entry8b.o)
    0x08000190   0x08000190   0x00000008   Code   RO         3508    .ARM.Collect$$$$0000000B  mc_w.l(entry9a.o)
    0x08000198   0x08000198   0x00000000   Code   RO         3510    .ARM.Collect$$$$0000000D  mc_w.l(entry10a.o)
    0x08000198   0x08000198   0x00000000   Code   RO         3512    .ARM.Collect$$$$0000000F  mc_w.l(entry11a.o)
    0x08000198   0x08000198   0x00000004   Code   RO         3501    .ARM.Collect$$$$00002712  mc_w.l(entry2.o)
    0x0800019c   0x0800019c   0x00000024   Code   RO            4    .text               startup_stm32f407xx.o
    0x080001c0   0x080001c0   0x00000062   Code   RO         3229    .text               mc_w.l(uldiv.o)
    0x08000222   0x08000222   0x00000024   Code   RO         3231    .text               mc_w.l(memseta.o)
    0x08000246   0x08000246   0x0000001a   Code   RO         3494    .text               mf_w.l(dfltui.o)
    0x08000260   0x08000260   0x00000030   Code   RO         3496    .text               mf_w.l(cdcmple.o)
    0x08000290   0x08000290   0x00000030   Code   RO         3498    .text               mf_w.l(cdrcmple.o)
    0x080002c0   0x080002c0   0x0000002c   Code   RO         3515    .text               mc_w.l(uidiv.o)
    0x080002ec   0x080002ec   0x0000001e   Code   RO         3517    .text               mc_w.l(llshl.o)
    0x0800030a   0x0800030a   0x00000020   Code   RO         3519    .text               mc_w.l(llushr.o)
    0x0800032a   0x0800032a   0x00000000   Code   RO         3521    .text               mc_w.l(iusefp.o)
    0x0800032a   0x0800032a   0x000000ba   Code   RO         3522    .text               mf_w.l(depilogue.o)
    0x080003e4   0x080003e4   0x00000024   Code   RO         3532    .text               mc_w.l(init.o)
    0x08000408   0x08000408   0x00000128   Code   RO          860    i.ADC_Init          stm32f4xx_hal_adc.o
    0x08000530   0x08000530   0x00000084   Code   RO           13    i.ADS_Read_AD       touch.o
    0x080005b4   0x080005b4   0x00000002   Code   RO          745    i.BusFault_Handler  stm32f4xx_it.o
    0x080005b6   0x080005b6   0x00000002   PAD
    0x080005b8   0x080005b8   0x00000070   Code   RO           14    i.Convert_Pos       touch.o
    0x08000628   0x08000628   0x00000020   Code   RO          521    i.D2_IN_GPIO_Init   gpio.o
    0x08000648   0x08000648   0x00000020   Code   RO          522    i.D2_OUT_GPIO_Init  gpio.o
    0x08000668   0x08000668   0x00000264   Code   RO          349    i.DHT11_TEST        dht11.o
    0x080008cc   0x080008cc   0x00000002   Code   RO          746    i.DebugMon_Handler  stm32f4xx_it.o
    0x080008ce   0x080008ce   0x00000006   Code   RO          747    i.EXTI9_5_IRQHandler  stm32f4xx_it.o
    0x080008d4   0x080008d4   0x00000002   Code   RO          423    i.Error_Handler     main.o
    0x080008d6   0x080008d6   0x00000002   PAD
    0x080008d8   0x080008d8   0x00000040   Code   RO         1140    i.FSMC_NORSRAM_Extended_Timing_Init  stm32f4xx_ll_fsmc.o
    0x08000918   0x08000918   0x00000054   Code   RO         1141    i.FSMC_NORSRAM_Init  stm32f4xx_ll_fsmc.o
    0x0800096c   0x0800096c   0x00000044   Code   RO         1142    i.FSMC_NORSRAM_Timing_Init  stm32f4xx_ll_fsmc.o
    0x080009b0   0x080009b0   0x00000028   Code   RO          564    i.Get_Adc_Average   adc.o
    0x080009d8   0x080009d8   0x0000014c   Code   RO          862    i.HAL_ADC_ConfigChannel  stm32f4xx_hal_adc.o
    0x08000b24   0x08000b24   0x00000006   Code   RO          869    i.HAL_ADC_GetValue  stm32f4xx_hal_adc.o
    0x08000b2a   0x08000b2a   0x00000054   Code   RO          871    i.HAL_ADC_Init      stm32f4xx_hal_adc.o
    0x08000b7e   0x08000b7e   0x00000002   PAD
    0x08000b80   0x08000b80   0x00000060   Code   RO          566    i.HAL_ADC_MspInit   adc.o
    0x08000be0   0x08000be0   0x000000a2   Code   RO          875    i.HAL_ADC_PollForConversion  stm32f4xx_hal_adc.o
    0x08000c82   0x08000c82   0x00000002   PAD
    0x08000c84   0x08000c84   0x000000ec   Code   RO          877    i.HAL_ADC_Start     stm32f4xx_hal_adc.o
    0x08000d70   0x08000d70   0x00000024   Code   RO         2525    i.HAL_DMA_Abort_IT  stm32f4xx_hal_dma.o
    0x08000d94   0x08000d94   0x00000024   Code   RO         2943    i.HAL_Delay         stm32f4xx_hal.o
    0x08000db8   0x08000db8   0x000000a0   Code   RO          612    i.HAL_FSMC_MspInit  fsmc.o
    0x08000e58   0x08000e58   0x00000010   Code   RO          523    i.HAL_GPIO_EXTI_Callback  gpio.o
    0x08000e68   0x08000e68   0x00000018   Code   RO         2416    i.HAL_GPIO_EXTI_IRQHandler  stm32f4xx_hal_gpio.o
    0x08000e80   0x08000e80   0x000001b0   Code   RO         2417    i.HAL_GPIO_Init     stm32f4xx_hal_gpio.o
    0x08001030   0x08001030   0x0000000a   Code   RO         2419    i.HAL_GPIO_ReadPin  stm32f4xx_hal_gpio.o
    0x0800103a   0x0800103a   0x0000000a   Code   RO         2421    i.HAL_GPIO_WritePin  stm32f4xx_hal_gpio.o
    0x08001044   0x08001044   0x0000000c   Code   RO         2949    i.HAL_GetTick       stm32f4xx_hal.o
    0x08001050   0x08001050   0x00000010   Code   RO         2955    i.HAL_IncTick       stm32f4xx_hal.o
    0x08001060   0x08001060   0x00000034   Code   RO         2956    i.HAL_Init          stm32f4xx_hal.o
    0x08001094   0x08001094   0x00000040   Code   RO         2957    i.HAL_InitTick      stm32f4xx_hal.o
    0x080010d4   0x080010d4   0x00000030   Code   RO          833    i.HAL_MspInit       stm32f4xx_hal_msp.o
    0x08001104   0x08001104   0x0000001a   Code   RO         2804    i.HAL_NVIC_ClearPendingIRQ  stm32f4xx_hal_cortex.o
    0x0800111e   0x0800111e   0x00000022   Code   RO         2805    i.HAL_NVIC_DisableIRQ  stm32f4xx_hal_cortex.o
    0x08001140   0x08001140   0x0000001a   Code   RO         2806    i.HAL_NVIC_EnableIRQ  stm32f4xx_hal_cortex.o
    0x0800115a   0x0800115a   0x00000002   PAD
    0x0800115c   0x0800115c   0x00000040   Code   RO         2812    i.HAL_NVIC_SetPriority  stm32f4xx_hal_cortex.o
    0x0800119c   0x0800119c   0x00000024   Code   RO         2813    i.HAL_NVIC_SetPriorityGrouping  stm32f4xx_hal_cortex.o
    0x080011c0   0x080011c0   0x00000130   Code   RO         2063    i.HAL_RCC_ClockConfig  stm32f4xx_hal_rcc.o
    0x080012f0   0x080012f0   0x00000020   Code   RO         2070    i.HAL_RCC_GetPCLK1Freq  stm32f4xx_hal_rcc.o
    0x08001310   0x08001310   0x00000020   Code   RO         2071    i.HAL_RCC_GetPCLK2Freq  stm32f4xx_hal_rcc.o
    0x08001330   0x08001330   0x00000064   Code   RO         2072    i.HAL_RCC_GetSysClockFreq  stm32f4xx_hal_rcc.o
    0x08001394   0x08001394   0x0000031c   Code   RO         2075    i.HAL_RCC_OscConfig  stm32f4xx_hal_rcc.o
    0x080016b0   0x080016b0   0x00000080   Code   RO         1389    i.HAL_SPI_Init      stm32f4xx_hal_spi.o
    0x08001730   0x08001730   0x00000048   Code   RO          661    i.HAL_SPI_MspInit   spi.o
    0x08001778   0x08001778   0x000001e2   Code   RO         1398    i.HAL_SPI_TransmitReceive  stm32f4xx_hal_spi.o
    0x0800195a   0x0800195a   0x00000056   Code   RO         1262    i.HAL_SRAM_Init     stm32f4xx_hal_sram.o
    0x080019b0   0x080019b0   0x00000004   Code   RO          614    i.HAL_SRAM_MspInit  fsmc.o
    0x080019b4   0x080019b4   0x00000018   Code   RO         2815    i.HAL_SYSTICK_CLKSourceConfig  stm32f4xx_hal_cortex.o
    0x080019cc   0x080019cc   0x00000028   Code   RO         2817    i.HAL_SYSTICK_Config  stm32f4xx_hal_cortex.o
    0x080019f4   0x080019f4   0x00000002   Code   RO         1757    i.HAL_UART_ErrorCallback  stm32f4xx_hal_uart.o
    0x080019f6   0x080019f6   0x00000002   PAD
    0x080019f8   0x080019f8   0x00000110   Code   RO         1760    i.HAL_UART_IRQHandler  stm32f4xx_hal_uart.o
    0x08001b08   0x08001b08   0x00000062   Code   RO         1761    i.HAL_UART_Init     stm32f4xx_hal_uart.o
    0x08001b6a   0x08001b6a   0x00000002   PAD
    0x08001b6c   0x08001b6c   0x0000007c   Code   RO          704    i.HAL_UART_MspInit  usart.o
    0x08001be8   0x08001be8   0x00000002   Code   RO         1767    i.HAL_UART_RxCpltCallback  stm32f4xx_hal_uart.o
    0x08001bea   0x08001bea   0x00000002   Code   RO         1772    i.HAL_UART_TxCpltCallback  stm32f4xx_hal_uart.o
    0x08001bec   0x08001bec   0x00000002   Code   RO          748    i.HardFault_Handler  stm32f4xx_it.o
    0x08001bee   0x08001bee   0x00000002   PAD
    0x08001bf0   0x08001bf0   0x0000005c   Code   RO          184    i.LCD_DrawPicture   lcd.o
    0x08001c4c   0x08001c4c   0x00000014   Code   RO          185    i.LCD_DrawPoint     lcd.o
    0x08001c60   0x08001c60   0x0000002e   Code   RO          188    i.LCD_SetCursor     lcd.o
    0x08001c8e   0x08001c8e   0x00000002   PAD
    0x08001c90   0x08001c90   0x00000078   Code   RO          189    i.LCD_ShowChar      lcd.o
    0x08001d08   0x08001d08   0x00000044   Code   RO          190    i.LCD_ShowCharString  lcd.o
    0x08001d4c   0x08001d4c   0x00000054   Code   RO          191    i.LCD_ShowHzString  lcd.o
    0x08001da0   0x08001da0   0x0000003e   Code   RO          192    i.LCD_ShowString    lcd.o
    0x08001dde   0x08001dde   0x00000002   PAD
    0x08001de0   0x08001de0   0x000000f0   Code   RO          424    i.Lcd_Show          main.o
    0x08001ed0   0x08001ed0   0x00000064   Code   RO          567    i.MX_ADC3_Init      adc.o
    0x08001f34   0x08001f34   0x00000070   Code   RO          615    i.MX_FSMC_Init      fsmc.o
    0x08001fa4   0x08001fa4   0x000002c0   Code   RO          524    i.MX_GPIO_Init      gpio.o
    0x08002264   0x08002264   0x00000038   Code   RO          662    i.MX_SPI2_Init      spi.o
    0x0800229c   0x0800229c   0x00000038   Code   RO          705    i.MX_USART1_UART_Init  usart.o
    0x080022d4   0x080022d4   0x00000002   Code   RO          749    i.MemManage_Handler  stm32f4xx_it.o
    0x080022d6   0x080022d6   0x00000002   Code   RO          750    i.NMI_Handler       stm32f4xx_it.o
    0x080022d8   0x080022d8   0x00000002   Code   RO          751    i.PendSV_Handler    stm32f4xx_it.o
    0x080022da   0x080022da   0x00000002   PAD
    0x080022dc   0x080022dc   0x00000024   Code   RO           15    i.Read_ADS          touch.o
    0x08002300   0x08002300   0x00000040   Code   RO           16    i.Read_ADS2         touch.o
    0x08002340   0x08002340   0x00000020   Code   RO         1427    i.SPI_EndRxTxTransaction  stm32f4xx_hal_spi.o
    0x08002360   0x08002360   0x00000094   Code   RO         1432    i.SPI_WaitFlagStateUntilTimeout  stm32f4xx_hal_spi.o
    0x080023f4   0x080023f4   0x00000002   Code   RO          752    i.SVC_Handler       stm32f4xx_it.o
    0x080023f6   0x080023f6   0x00000004   Code   RO          753    i.SysTick_Handler   stm32f4xx_it.o
    0x080023fa   0x080023fa   0x00000002   PAD
    0x080023fc   0x080023fc   0x00000084   Code   RO          425    i.SystemClock_Config  main.o
    0x08002480   0x08002480   0x00000054   Code   RO         3192    i.SystemInit        system_stm32f4xx.o
    0x080024d4   0x080024d4   0x00000010   Code   RO         1774    i.UART_DMAAbortOnError  stm32f4xx_hal_uart.o
    0x080024e4   0x080024e4   0x0000001c   Code   RO         1784    i.UART_EndRxTransfer  stm32f4xx_hal_uart.o
    0x08002500   0x08002500   0x00000096   Code   RO         1786    i.UART_Receive_IT   stm32f4xx_hal_uart.o
    0x08002596   0x08002596   0x00000002   PAD
    0x08002598   0x08002598   0x000002ac   Code   RO         1787    i.UART_SetConfig    stm32f4xx_hal_uart.o
    0x08002844   0x08002844   0x00000062   Code   RO         1788    i.UART_Transmit_IT  stm32f4xx_hal_uart.o
    0x080028a6   0x080028a6   0x00000002   PAD
    0x080028a8   0x080028a8   0x0000000c   Code   RO          754    i.USART1_IRQHandler  stm32f4xx_it.o
    0x080028b4   0x080028b4   0x00000002   Code   RO          755    i.UsageFault_Handler  stm32f4xx_it.o
    0x080028b6   0x080028b6   0x00000002   PAD
    0x080028b8   0x080028b8   0x00000066   Code   RO          194    i.WriteOneHz        lcd.o
    0x0800291e   0x0800291e   0x00000002   PAD
    0x08002920   0x08002920   0x00000020   Code   RO         3278    i.__0printf$1       mc_w.l(printf1.o)
    0x08002940   0x08002940   0x00000020   Code   RO         2819    i.__NVIC_SetPriority  stm32f4xx_hal_cortex.o
    0x08002960   0x08002960   0x0000000e   Code   RO         3538    i.__scatterload_copy  mc_w.l(handlers.o)
    0x0800296e   0x0800296e   0x00000002   Code   RO         3539    i.__scatterload_null  mc_w.l(handlers.o)
    0x08002970   0x08002970   0x0000000e   Code   RO         3540    i.__scatterload_zeroinit  mc_w.l(handlers.o)
    0x0800297e   0x0800297e   0x00000002   PAD
    0x08002980   0x08002980   0x00000154   Code   RO         3285    i._printf_core      mc_w.l(printf1.o)
    0x08002ad4   0x08002ad4   0x000001b4   Code   RO          426    i.btn               main.o
    0x08002c88   0x08002c88   0x00000014   Code   RO          385    i.delay_init        delay.o
    0x08002c9c   0x08002c9c   0x0000001a   Code   RO          386    i.delay_ms          delay.o
    0x08002cb6   0x08002cb6   0x00000002   PAD
    0x08002cb8   0x08002cb8   0x00000034   Code   RO          387    i.delay_us          delay.o
    0x08002cec   0x08002cec   0x00000034   Code   RO          195    i.findHzIndex       lcd.o
    0x08002d20   0x08002d20   0x00000014   Code   RO          427    i.fputc             main.o
    0x08002d34   0x08002d34   0x00000038   Code   RO          428    i.hint              main.o
    0x08002d6c   0x08002d6c   0x0000003e   Code   RO          197    i.lcd_clear         lcd.o
    0x08002daa   0x08002daa   0x00000002   PAD
    0x08002dac   0x08002dac   0x00000144   Code   RO          198    i.lcd_init          lcd.o
    0x08002ef0   0x08002ef0   0x000001f4   Code   RO          429    i.main              main.o
    0x080030e4   0x080030e4   0x000000e4   Code   RO          430    i.motor1            main.o
    0x080031c8   0x080031c8   0x000001cc   Code   RO          431    i.motor2            main.o
    0x08003394   0x08003394   0x0000000a   Code   RO          199    i.read_data         lcd.o
    0x0800339e   0x0800339e   0x0000000a   Code   RO          200    i.read_reg          lcd.o
    0x080033a8   0x080033a8   0x00000e60   Data   RO          205    .constdata          lcd.o
    0x08004208   0x08004208   0x00042188   Data   RO          207    .constdata          lcd.o
    0x08046390   0x08046390   0x00000010   Data   RO         3193    .constdata          system_stm32f4xx.o
    0x080463a0   0x080463a0   0x00000008   Data   RO         3194    .constdata          system_stm32f4xx.o
    0x080463a8   0x080463a8   0x00000020   Data   RO         3536    Region$$Table       anon$$obj.o


    Execution Region RW_IRAM1 (Exec base: 0x20000000, Load base: 0x080463c8, Size: 0x00000590, Max: 0x00020000, ABSOLUTE)

    Exec Addr    Load Addr    Size         Type   Attr      Idx    E Section Name        Object

    0x20000000   0x080463c8   0x00000006   Data   RW           18    .data               touch.o
    0x20000006   0x080463ce   0x00000006   Data   RW          209    .data               lcd.o
    0x2000000c   0x080463d4   0x00000005   Data   RW          350    .data               dht11.o
    0x20000011   0x080463d9   0x00000003   PAD
    0x20000014   0x080463dc   0x00000004   Data   RW          388    .data               delay.o
    0x20000018   0x080463e0   0x00000014   Data   RW          434    .data               main.o
    0x2000002c   0x080463f4   0x00000008   Data   RW          617    .data               fsmc.o
    0x20000034   0x080463fc   0x0000000c   Data   RW         2963    .data               stm32f4xx_hal.o
    0x20000040   0x08046408   0x00000004   Data   RW         3195    .data               system_stm32f4xx.o
    0x20000044   0x0804640c   0x00000004   Data   RW         3514    .data               mc_w.l(stdout.o)
    0x20000048        -       0x00000018   Zero   RW          433    .bss                main.o
    0x20000060        -       0x00000048   Zero   RW          568    .bss                adc.o
    0x200000a8        -       0x00000050   Zero   RW          616    .bss                fsmc.o
    0x200000f8        -       0x00000058   Zero   RW          663    .bss                spi.o
    0x20000150        -       0x00000040   Zero   RW          706    .bss                usart.o
    0x20000190        -       0x00000400   Zero   RW            1    STACK               startup_stm32f407xx.o


==============================================================================

Image component sizes


      Code (inc. data)   RO Data    RW Data    ZI Data      Debug   Object Name

       236         24          0          0         72       2395   adc.o
        98          8          0          4          0       1935   delay.o
       612          8          0          5          0       1860   dht11.o
       276         34          0          8         80       2255   fsmc.o
       784         54          0          0          0       3169   gpio.o
      1052         30     274408          6          0      13911   lcd.o
      2074        262          0         20         24       8777   main.o
       128         24          0          0         88       1662   spi.o
        36          8        392          0       1024        852   startup_stm32f407xx.o
       180         28          0         12          0       4685   stm32f4xx_hal.o
      1116         54          0          0          0       5362   stm32f4xx_hal_adc.o
       282         14          0          0          0      36122   stm32f4xx_hal_cortex.o
        36          0          0          0          0       1243   stm32f4xx_hal_dma.o
       476         50          0          0          0       3786   stm32f4xx_hal_gpio.o
        48          6          0          0          0        862   stm32f4xx_hal_msp.o
      1264         80          0          0          0       5240   stm32f4xx_hal_rcc.o
       790          0          0          0          0       4717   stm32f4xx_hal_spi.o
        86          0          0          0          0       1248   stm32f4xx_hal_sram.o
      1352         14          0          0          0       7615   stm32f4xx_hal_uart.o
        38          6          0          0          0       5179   stm32f4xx_it.o
       216         12          0          0          0       2767   stm32f4xx_ll_fsmc.o
        84         18         24          4          0       1207   system_stm32f4xx.o
       344         64          0          6          0     700183   touch.o
       180         22          0          0         64       1746   usart.o

    ----------------------------------------------------------------------
     11824        820     274856         68       1352     818778   Object Totals
         0          0         32          0          0          0   (incl. Generated)
        36          0          0          3          0          0   (incl. Padding)

    ----------------------------------------------------------------------

      Code (inc. data)   RO Data    RW Data    ZI Data      Debug   Library Member Name

         0          0          0          0          0          0   entry.o
         0          0          0          0          0          0   entry10a.o
         0          0          0          0          0          0   entry11a.o
         8          4          0          0          0          0   entry2.o
         4          0          0          0          0          0   entry5.o
         0          0          0          0          0          0   entry7b.o
         0          0          0          0          0          0   entry8b.o
         8          4          0          0          0          0   entry9a.o
        30          0          0          0          0          0   handlers.o
        36          8          0          0          0         68   init.o
         0          0          0          0          0          0   iusefp.o
        30          0          0          0          0         68   llshl.o
        32          0          0          0          0         68   llushr.o
        36          0          0          0          0        108   memseta.o
       372         14          0          0          0        184   printf1.o
         0          0          0          4          0          0   stdout.o
        44          0          0          0          0         80   uidiv.o
        98          0          0          0          0         92   uldiv.o
        48          0          0          0          0         68   cdcmple.o
        48          0          0          0          0         68   cdrcmple.o
       186          0          0          0          0        176   depilogue.o
        26          0          0          0          0         76   dfltui.o

    ----------------------------------------------------------------------
      1008         30          0          4          0       1056   Library Totals
         2          0          0          0          0          0   (incl. Padding)

    ----------------------------------------------------------------------

      Code (inc. data)   RO Data    RW Data    ZI Data      Debug   Library Name

       698         30          0          4          0        668   mc_w.l
       308          0          0          0          0        388   mf_w.l

    ----------------------------------------------------------------------
      1008         30          0          4          0       1056   Library Totals

    ----------------------------------------------------------------------

==============================================================================


      Code (inc. data)   RO Data    RW Data    ZI Data      Debug   

     12832        850     274856         72       1352     810018   Grand Totals
     12832        850     274856         72       1352     810018   ELF Image Totals
     12832        850     274856         72          0          0   ROM Totals

==============================================================================

    Total RO  Size (Code + RO Data)               287688 ( 280.95kB)
    Total RW  Size (RW Data + ZI Data)              1424 (   1.39kB)
    Total ROM Size (Code + RO Data + RW Data)     287760 ( 281.02kB)

==============================================================================

